[2026-08-09T07:57:36.068+0000] {processor.py:161} INFO - Started process (PID=108) to work on /opt/airflow/dags/main.py
[2026-08-09T07:57:36.070+0000] {processor.py:830} INFO - Processing file /opt/airflow/dags/main.py for tasks to queue
[2026-08-09T07:57:36.072+0000] {logging_mixin.py:188} INFO - [2026-08-09T07:57:36.071+0000] {dagbag.py:545} INFO - Filling up the DagBag from /opt/airflow/dags/main.py
[2026-08-09T07:57:36.146+0000] {logging_mixin.py:188} INFO - [2026-08-09T07:57:36.141+0000] {dagbag.py:355} ERROR - Failed to import: /opt/airflow/dags/main.py
Traceback (most recent call last):
  File "/home/airflow/.local/lib/python3.10/site-packages/airflow/models/dagbag.py", line 351, in parse
    loader.exec_module(new_module)
  File "<frozen importlib._bootstrap_external>", line 883, in exec_module
  File "<frozen importlib._bootstrap>", line 241, in _call_with_frames_removed
  File "/opt/airflow/dags/main.py", line 6, in <module>
    from api.video_stats import (
ImportError: cannot import name 'extract_video_data' from 'api.video_stats' (/opt/airflow/dags/api/video_stats.py)
[2026-08-09T07:57:36.148+0000] {processor.py:842} WARNING - No viable dags retrieved from /opt/airflow/dags/main.py
[2026-08-09T07:57:36.166+0000] {processor.py:183} INFO - Processing /opt/airflow/dags/main.py took 0.103 seconds
[2026-08-09T07:58:06.692+0000] {processor.py:161} INFO - Started process (PID=115) to work on /opt/airflow/dags/main.py
[2026-08-09T07:58:06.693+0000] {processor.py:830} INFO - Processing file /opt/airflow/dags/main.py for tasks to queue
[2026-08-09T07:58:06.695+0000] {logging_mixin.py:188} INFO - [2026-08-09T07:58:06.695+0000] {dagbag.py:545} INFO - Filling up the DagBag from /opt/airflow/dags/main.py
[2026-08-09T07:58:06.730+0000] {logging_mixin.py:188} INFO - [2026-08-09T07:58:06.728+0000] {dagbag.py:355} ERROR - Failed to import: /opt/airflow/dags/main.py
Traceback (most recent call last):
  File "/home/airflow/.local/lib/python3.10/site-packages/airflow/models/dagbag.py", line 351, in parse
    loader.exec_module(new_module)
  File "<frozen importlib._bootstrap_external>", line 883, in exec_module
  File "<frozen importlib._bootstrap>", line 241, in _call_with_frames_removed
  File "/opt/airflow/dags/main.py", line 6, in <module>
    from api.video_stats import (
ImportError: cannot import name 'extract_video_data' from 'api.video_stats' (/opt/airflow/dags/api/video_stats.py)
[2026-08-09T07:58:06.731+0000] {processor.py:842} WARNING - No viable dags retrieved from /opt/airflow/dags/main.py
[2026-08-09T07:58:06.748+0000] {processor.py:183} INFO - Processing /opt/airflow/dags/main.py took 0.062 seconds
[2026-08-09T07:58:37.515+0000] {processor.py:161} INFO - Started process (PID=122) to work on /opt/airflow/dags/main.py
[2026-08-09T07:58:37.516+0000] {processor.py:830} INFO - Processing file /opt/airflow/dags/main.py for tasks to queue
[2026-08-09T07:58:37.519+0000] {logging_mixin.py:188} INFO - [2026-08-09T07:58:37.518+0000] {dagbag.py:545} INFO - Filling up the DagBag from /opt/airflow/dags/main.py
[2026-08-09T07:58:37.561+0000] {logging_mixin.py:188} INFO - [2026-08-09T07:58:37.557+0000] {dagbag.py:355} ERROR - Failed to import: /opt/airflow/dags/main.py
Traceback (most recent call last):
  File "/home/airflow/.local/lib/python3.10/site-packages/airflow/models/dagbag.py", line 351, in parse
    loader.exec_module(new_module)
  File "<frozen importlib._bootstrap_external>", line 883, in exec_module
  File "<frozen importlib._bootstrap>", line 241, in _call_with_frames_removed
  File "/opt/airflow/dags/main.py", line 6, in <module>
    from api.video_stats import (
ImportError: cannot import name 'extract_video_data' from 'api.video_stats' (/opt/airflow/dags/api/video_stats.py)
[2026-08-09T07:58:37.562+0000] {processor.py:842} WARNING - No viable dags retrieved from /opt/airflow/dags/main.py
[2026-08-09T07:58:37.581+0000] {processor.py:183} INFO - Processing /opt/airflow/dags/main.py took 0.072 seconds
[2026-08-09T07:59:08.254+0000] {processor.py:161} INFO - Started process (PID=130) to work on /opt/airflow/dags/main.py
[2026-08-09T07:59:08.255+0000] {processor.py:830} INFO - Processing file /opt/airflow/dags/main.py for tasks to queue
[2026-08-09T07:59:08.257+0000] {logging_mixin.py:188} INFO - [2026-08-09T07:59:08.257+0000] {dagbag.py:545} INFO - Filling up the DagBag from /opt/airflow/dags/main.py
[2026-08-09T07:59:08.298+0000] {logging_mixin.py:188} INFO - [2026-08-09T07:59:08.293+0000] {dagbag.py:355} ERROR - Failed to import: /opt/airflow/dags/main.py
Traceback (most recent call last):
  File "/home/airflow/.local/lib/python3.10/site-packages/airflow/models/dagbag.py", line 351, in parse
    loader.exec_module(new_module)
  File "<frozen importlib._bootstrap_external>", line 883, in exec_module
  File "<frozen importlib._bootstrap>", line 241, in _call_with_frames_removed
  File "/opt/airflow/dags/main.py", line 6, in <module>
    from api.video_stats import (
ImportError: cannot import name 'extract_video_data' from 'api.video_stats' (/opt/airflow/dags/api/video_stats.py)
[2026-08-09T07:59:08.299+0000] {processor.py:842} WARNING - No viable dags retrieved from /opt/airflow/dags/main.py
[2026-08-09T07:59:08.317+0000] {processor.py:183} INFO - Processing /opt/airflow/dags/main.py took 0.070 seconds
[2026-08-09T07:59:38.955+0000] {processor.py:161} INFO - Started process (PID=137) to work on /opt/airflow/dags/main.py
[2026-08-09T07:59:38.956+0000] {processor.py:830} INFO - Processing file /opt/airflow/dags/main.py for tasks to queue
[2026-08-09T07:59:38.958+0000] {logging_mixin.py:188} INFO - [2026-08-09T07:59:38.958+0000] {dagbag.py:545} INFO - Filling up the DagBag from /opt/airflow/dags/main.py
[2026-08-09T07:59:38.999+0000] {logging_mixin.py:188} INFO - [2026-08-09T07:59:38.996+0000] {dagbag.py:355} ERROR - Failed to import: /opt/airflow/dags/main.py
Traceback (most recent call last):
  File "/home/airflow/.local/lib/python3.10/site-packages/airflow/models/dagbag.py", line 351, in parse
    loader.exec_module(new_module)
  File "<frozen importlib._bootstrap_external>", line 883, in exec_module
  File "<frozen importlib._bootstrap>", line 241, in _call_with_frames_removed
  File "/opt/airflow/dags/main.py", line 6, in <module>
    from api.video_stats import (
ImportError: cannot import name 'extract_video_data' from 'api.video_stats' (/opt/airflow/dags/api/video_stats.py)
[2026-08-09T07:59:39.000+0000] {processor.py:842} WARNING - No viable dags retrieved from /opt/airflow/dags/main.py
[2026-08-09T07:59:39.018+0000] {processor.py:183} INFO - Processing /opt/airflow/dags/main.py took 0.069 seconds
[2026-08-09T08:00:09.682+0000] {processor.py:161} INFO - Started process (PID=144) to work on /opt/airflow/dags/main.py
[2026-08-09T08:00:09.683+0000] {processor.py:830} INFO - Processing file /opt/airflow/dags/main.py for tasks to queue
[2026-08-09T08:00:09.686+0000] {logging_mixin.py:188} INFO - [2026-08-09T08:00:09.685+0000] {dagbag.py:545} INFO - Filling up the DagBag from /opt/airflow/dags/main.py
[2026-08-09T08:00:09.732+0000] {logging_mixin.py:188} INFO - [2026-08-09T08:00:09.727+0000] {dagbag.py:355} ERROR - Failed to import: /opt/airflow/dags/main.py
Traceback (most recent call last):
  File "/home/airflow/.local/lib/python3.10/site-packages/airflow/models/dagbag.py", line 351, in parse
    loader.exec_module(new_module)
  File "<frozen importlib._bootstrap_external>", line 883, in exec_module
  File "<frozen importlib._bootstrap>", line 241, in _call_with_frames_removed
  File "/opt/airflow/dags/main.py", line 6, in <module>
    from api.video_stats import (
ImportError: cannot import name 'extract_video_data' from 'api.video_stats' (/opt/airflow/dags/api/video_stats.py)
[2026-08-09T08:00:09.734+0000] {processor.py:842} WARNING - No viable dags retrieved from /opt/airflow/dags/main.py
[2026-08-09T08:00:09.754+0000] {processor.py:183} INFO - Processing /opt/airflow/dags/main.py took 0.078 seconds
[2026-08-09T08:00:40.507+0000] {processor.py:161} INFO - Started process (PID=151) to work on /opt/airflow/dags/main.py
[2026-08-09T08:00:40.508+0000] {processor.py:830} INFO - Processing file /opt/airflow/dags/main.py for tasks to queue
[2026-08-09T08:00:40.510+0000] {logging_mixin.py:188} INFO - [2026-08-09T08:00:40.509+0000] {dagbag.py:545} INFO - Filling up the DagBag from /opt/airflow/dags/main.py
[2026-08-09T08:00:40.547+0000] {logging_mixin.py:188} INFO - [2026-08-09T08:00:40.544+0000] {dagbag.py:355} ERROR - Failed to import: /opt/airflow/dags/main.py
Traceback (most recent call last):
  File "/home/airflow/.local/lib/python3.10/site-packages/airflow/models/dagbag.py", line 351, in parse
    loader.exec_module(new_module)
  File "<frozen importlib._bootstrap_external>", line 883, in exec_module
  File "<frozen importlib._bootstrap>", line 241, in _call_with_frames_removed
  File "/opt/airflow/dags/main.py", line 6, in <module>
    from api.video_stats import (
ImportError: cannot import name 'extract_video_data' from 'api.video_stats' (/opt/airflow/dags/api/video_stats.py)
[2026-08-09T08:00:40.548+0000] {processor.py:842} WARNING - No viable dags retrieved from /opt/airflow/dags/main.py
[2026-08-09T08:00:40.563+0000] {processor.py:183} INFO - Processing /opt/airflow/dags/main.py took 0.062 seconds
[2026-08-09T08:01:11.187+0000] {processor.py:161} INFO - Started process (PID=164) to work on /opt/airflow/dags/main.py
[2026-08-09T08:01:11.188+0000] {processor.py:830} INFO - Processing file /opt/airflow/dags/main.py for tasks to queue
[2026-08-09T08:01:11.190+0000] {logging_mixin.py:188} INFO - [2026-08-09T08:01:11.190+0000] {dagbag.py:545} INFO - Filling up the DagBag from /opt/airflow/dags/main.py
[2026-08-09T08:01:11.229+0000] {logging_mixin.py:188} INFO - [2026-08-09T08:01:11.226+0000] {dagbag.py:355} ERROR - Failed to import: /opt/airflow/dags/main.py
Traceback (most recent call last):
  File "/home/airflow/.local/lib/python3.10/site-packages/airflow/models/dagbag.py", line 351, in parse
    loader.exec_module(new_module)
  File "<frozen importlib._bootstrap_external>", line 883, in exec_module
  File "<frozen importlib._bootstrap>", line 241, in _call_with_frames_removed
  File "/opt/airflow/dags/main.py", line 6, in <module>
    from api.video_stats import (
ImportError: cannot import name 'extract_video_data' from 'api.video_stats' (/opt/airflow/dags/api/video_stats.py)
[2026-08-09T08:01:11.230+0000] {processor.py:842} WARNING - No viable dags retrieved from /opt/airflow/dags/main.py
[2026-08-09T08:01:11.248+0000] {processor.py:183} INFO - Processing /opt/airflow/dags/main.py took 0.066 seconds
[2026-08-09T08:01:41.986+0000] {processor.py:161} INFO - Started process (PID=171) to work on /opt/airflow/dags/main.py
[2026-08-09T08:01:41.987+0000] {processor.py:830} INFO - Processing file /opt/airflow/dags/main.py for tasks to queue
[2026-08-09T08:01:41.989+0000] {logging_mixin.py:188} INFO - [2026-08-09T08:01:41.988+0000] {dagbag.py:545} INFO - Filling up the DagBag from /opt/airflow/dags/main.py
[2026-08-09T08:01:42.023+0000] {logging_mixin.py:188} INFO - [2026-08-09T08:01:42.020+0000] {dagbag.py:355} ERROR - Failed to import: /opt/airflow/dags/main.py
Traceback (most recent call last):
  File "/home/airflow/.local/lib/python3.10/site-packages/airflow/models/dagbag.py", line 351, in parse
    loader.exec_module(new_module)
  File "<frozen importlib._bootstrap_external>", line 883, in exec_module
  File "<frozen importlib._bootstrap>", line 241, in _call_with_frames_removed
  File "/opt/airflow/dags/main.py", line 6, in <module>
    from api.video_stats import (
ImportError: cannot import name 'extract_video_data' from 'api.video_stats' (/opt/airflow/dags/api/video_stats.py)
[2026-08-09T08:01:42.023+0000] {processor.py:842} WARNING - No viable dags retrieved from /opt/airflow/dags/main.py
[2026-08-09T08:01:42.042+0000] {processor.py:183} INFO - Processing /opt/airflow/dags/main.py took 0.062 seconds
[2026-08-09T08:02:12.333+0000] {processor.py:161} INFO - Started process (PID=178) to work on /opt/airflow/dags/main.py
[2026-08-09T08:02:12.335+0000] {processor.py:830} INFO - Processing file /opt/airflow/dags/main.py for tasks to queue
[2026-08-09T08:02:12.337+0000] {logging_mixin.py:188} INFO - [2026-08-09T08:02:12.336+0000] {dagbag.py:545} INFO - Filling up the DagBag from /opt/airflow/dags/main.py
[2026-08-09T08:02:12.374+0000] {logging_mixin.py:188} INFO - [2026-08-09T08:02:12.371+0000] {dagbag.py:355} ERROR - Failed to import: /opt/airflow/dags/main.py
Traceback (most recent call last):
  File "/home/airflow/.local/lib/python3.10/site-packages/airflow/models/dagbag.py", line 351, in parse
    loader.exec_module(new_module)
  File "<frozen importlib._bootstrap_external>", line 883, in exec_module
  File "<frozen importlib._bootstrap>", line 241, in _call_with_frames_removed
  File "/opt/airflow/dags/main.py", line 6, in <module>
    from api.video_stats import (
ImportError: cannot import name 'extract_video_data' from 'api.video_stats' (/opt/airflow/dags/api/video_stats.py)
[2026-08-09T08:02:12.375+0000] {processor.py:842} WARNING - No viable dags retrieved from /opt/airflow/dags/main.py
[2026-08-09T08:02:12.391+0000] {processor.py:183} INFO - Processing /opt/airflow/dags/main.py took 0.063 seconds
[2026-08-09T08:02:42.871+0000] {processor.py:161} INFO - Started process (PID=185) to work on /opt/airflow/dags/main.py
[2026-08-09T08:02:42.872+0000] {processor.py:830} INFO - Processing file /opt/airflow/dags/main.py for tasks to queue
[2026-08-09T08:02:42.874+0000] {logging_mixin.py:188} INFO - [2026-08-09T08:02:42.873+0000] {dagbag.py:545} INFO - Filling up the DagBag from /opt/airflow/dags/main.py
[2026-08-09T08:02:42.919+0000] {logging_mixin.py:188} INFO - [2026-08-09T08:02:42.915+0000] {dagbag.py:355} ERROR - Failed to import: /opt/airflow/dags/main.py
Traceback (most recent call last):
  File "/home/airflow/.local/lib/python3.10/site-packages/airflow/models/dagbag.py", line 351, in parse
    loader.exec_module(new_module)
  File "<frozen importlib._bootstrap_external>", line 883, in exec_module
  File "<frozen importlib._bootstrap>", line 241, in _call_with_frames_removed
  File "/opt/airflow/dags/main.py", line 6, in <module>
    from api.video_stats import (
ImportError: cannot import name 'extract_video_data' from 'api.video_stats' (/opt/airflow/dags/api/video_stats.py)
[2026-08-09T08:02:42.920+0000] {processor.py:842} WARNING - No viable dags retrieved from /opt/airflow/dags/main.py
[2026-08-09T08:02:42.937+0000] {processor.py:183} INFO - Processing /opt/airflow/dags/main.py took 0.071 seconds
[2026-08-09T08:03:13.579+0000] {processor.py:161} INFO - Started process (PID=192) to work on /opt/airflow/dags/main.py
[2026-08-09T08:03:13.581+0000] {processor.py:830} INFO - Processing file /opt/airflow/dags/main.py for tasks to queue
[2026-08-09T08:03:13.583+0000] {logging_mixin.py:188} INFO - [2026-08-09T08:03:13.582+0000] {dagbag.py:545} INFO - Filling up the DagBag from /opt/airflow/dags/main.py
[2026-08-09T08:03:13.625+0000] {logging_mixin.py:188} INFO - [2026-08-09T08:03:13.621+0000] {dagbag.py:355} ERROR - Failed to import: /opt/airflow/dags/main.py
Traceback (most recent call last):
  File "/home/airflow/.local/lib/python3.10/site-packages/airflow/models/dagbag.py", line 351, in parse
    loader.exec_module(new_module)
  File "<frozen importlib._bootstrap_external>", line 883, in exec_module
  File "<frozen importlib._bootstrap>", line 241, in _call_with_frames_removed
  File "/opt/airflow/dags/main.py", line 6, in <module>
    from api.video_stats import (
ImportError: cannot import name 'extract_video_data' from 'api.video_stats' (/opt/airflow/dags/api/video_stats.py)
[2026-08-09T08:03:13.626+0000] {processor.py:842} WARNING - No viable dags retrieved from /opt/airflow/dags/main.py
[2026-08-09T08:03:13.641+0000] {processor.py:183} INFO - Processing /opt/airflow/dags/main.py took 0.067 seconds
[2026-08-09T08:03:44.392+0000] {processor.py:161} INFO - Started process (PID=199) to work on /opt/airflow/dags/main.py
[2026-08-09T08:03:44.393+0000] {processor.py:830} INFO - Processing file /opt/airflow/dags/main.py for tasks to queue
[2026-08-09T08:03:44.395+0000] {logging_mixin.py:188} INFO - [2026-08-09T08:03:44.395+0000] {dagbag.py:545} INFO - Filling up the DagBag from /opt/airflow/dags/main.py
[2026-08-09T08:03:44.435+0000] {logging_mixin.py:188} INFO - [2026-08-09T08:03:44.432+0000] {dagbag.py:355} ERROR - Failed to import: /opt/airflow/dags/main.py
Traceback (most recent call last):
  File "/home/airflow/.local/lib/python3.10/site-packages/airflow/models/dagbag.py", line 351, in parse
    loader.exec_module(new_module)
  File "<frozen importlib._bootstrap_external>", line 883, in exec_module
  File "<frozen importlib._bootstrap>", line 241, in _call_with_frames_removed
  File "/opt/airflow/dags/main.py", line 6, in <module>
    from api.video_stats import (
ImportError: cannot import name 'extract_video_data' from 'api.video_stats' (/opt/airflow/dags/api/video_stats.py)
[2026-08-09T08:03:44.436+0000] {processor.py:842} WARNING - No viable dags retrieved from /opt/airflow/dags/main.py
[2026-08-09T08:03:44.452+0000] {processor.py:183} INFO - Processing /opt/airflow/dags/main.py took 0.066 seconds
[2026-08-09T08:04:15.170+0000] {processor.py:161} INFO - Started process (PID=206) to work on /opt/airflow/dags/main.py
[2026-08-09T08:04:15.171+0000] {processor.py:830} INFO - Processing file /opt/airflow/dags/main.py for tasks to queue
[2026-08-09T08:04:15.173+0000] {logging_mixin.py:188} INFO - [2026-08-09T08:04:15.173+0000] {dagbag.py:545} INFO - Filling up the DagBag from /opt/airflow/dags/main.py
[2026-08-09T08:04:15.213+0000] {logging_mixin.py:188} INFO - [2026-08-09T08:04:15.210+0000] {dagbag.py:355} ERROR - Failed to import: /opt/airflow/dags/main.py
Traceback (most recent call last):
  File "/home/airflow/.local/lib/python3.10/site-packages/airflow/models/dagbag.py", line 351, in parse
    loader.exec_module(new_module)
  File "<frozen importlib._bootstrap_external>", line 883, in exec_module
  File "<frozen importlib._bootstrap>", line 241, in _call_with_frames_removed
  File "/opt/airflow/dags/main.py", line 6, in <module>
    from api.video_stats import (
ImportError: cannot import name 'extract_video_data' from 'api.video_stats' (/opt/airflow/dags/api/video_stats.py)
[2026-08-09T08:04:15.214+0000] {processor.py:842} WARNING - No viable dags retrieved from /opt/airflow/dags/main.py
[2026-08-09T08:04:15.230+0000] {processor.py:183} INFO - Processing /opt/airflow/dags/main.py took 0.066 seconds
[2026-08-09T08:04:45.893+0000] {processor.py:161} INFO - Started process (PID=213) to work on /opt/airflow/dags/main.py
[2026-08-09T08:04:45.894+0000] {processor.py:830} INFO - Processing file /opt/airflow/dags/main.py for tasks to queue
[2026-08-09T08:04:45.896+0000] {logging_mixin.py:188} INFO - [2026-08-09T08:04:45.896+0000] {dagbag.py:545} INFO - Filling up the DagBag from /opt/airflow/dags/main.py
[2026-08-09T08:04:45.933+0000] {logging_mixin.py:188} INFO - [2026-08-09T08:04:45.930+0000] {dagbag.py:355} ERROR - Failed to import: /opt/airflow/dags/main.py
Traceback (most recent call last):
  File "/home/airflow/.local/lib/python3.10/site-packages/airflow/models/dagbag.py", line 351, in parse
    loader.exec_module(new_module)
  File "<frozen importlib._bootstrap_external>", line 883, in exec_module
  File "<frozen importlib._bootstrap>", line 241, in _call_with_frames_removed
  File "/opt/airflow/dags/main.py", line 6, in <module>
    from api.video_stats import (
ImportError: cannot import name 'extract_video_data' from 'api.video_stats' (/opt/airflow/dags/api/video_stats.py)
[2026-08-09T08:04:45.934+0000] {processor.py:842} WARNING - No viable dags retrieved from /opt/airflow/dags/main.py
[2026-08-09T08:04:45.950+0000] {processor.py:183} INFO - Processing /opt/airflow/dags/main.py took 0.062 seconds
[2026-08-09T08:05:16.576+0000] {processor.py:161} INFO - Started process (PID=221) to work on /opt/airflow/dags/main.py
[2026-08-09T08:05:16.577+0000] {processor.py:830} INFO - Processing file /opt/airflow/dags/main.py for tasks to queue
[2026-08-09T08:05:16.579+0000] {logging_mixin.py:188} INFO - [2026-08-09T08:05:16.579+0000] {dagbag.py:545} INFO - Filling up the DagBag from /opt/airflow/dags/main.py
[2026-08-09T08:05:16.618+0000] {logging_mixin.py:188} INFO - [2026-08-09T08:05:16.614+0000] {dagbag.py:355} ERROR - Failed to import: /opt/airflow/dags/main.py
Traceback (most recent call last):
  File "/home/airflow/.local/lib/python3.10/site-packages/airflow/models/dagbag.py", line 351, in parse
    loader.exec_module(new_module)
  File "<frozen importlib._bootstrap_external>", line 883, in exec_module
  File "<frozen importlib._bootstrap>", line 241, in _call_with_frames_removed
  File "/opt/airflow/dags/main.py", line 6, in <module>
    from api.video_stats import (
ImportError: cannot import name 'extract_video_data' from 'api.video_stats' (/opt/airflow/dags/api/video_stats.py)
[2026-08-09T08:05:16.619+0000] {processor.py:842} WARNING - No viable dags retrieved from /opt/airflow/dags/main.py
[2026-08-09T08:05:16.637+0000] {processor.py:183} INFO - Processing /opt/airflow/dags/main.py took 0.066 seconds
[2026-08-09T08:05:47.308+0000] {processor.py:161} INFO - Started process (PID=228) to work on /opt/airflow/dags/main.py
[2026-08-09T08:05:47.309+0000] {processor.py:830} INFO - Processing file /opt/airflow/dags/main.py for tasks to queue
[2026-08-09T08:05:47.311+0000] {logging_mixin.py:188} INFO - [2026-08-09T08:05:47.310+0000] {dagbag.py:545} INFO - Filling up the DagBag from /opt/airflow/dags/main.py
[2026-08-09T08:05:47.347+0000] {logging_mixin.py:188} INFO - [2026-08-09T08:05:47.344+0000] {dagbag.py:355} ERROR - Failed to import: /opt/airflow/dags/main.py
Traceback (most recent call last):
  File "/home/airflow/.local/lib/python3.10/site-packages/airflow/models/dagbag.py", line 351, in parse
    loader.exec_module(new_module)
  File "<frozen importlib._bootstrap_external>", line 883, in exec_module
  File "<frozen importlib._bootstrap>", line 241, in _call_with_frames_removed
  File "/opt/airflow/dags/main.py", line 6, in <module>
    from api.video_stats import (
ImportError: cannot import name 'extract_video_data' from 'api.video_stats' (/opt/airflow/dags/api/video_stats.py)
[2026-08-09T08:05:47.348+0000] {processor.py:842} WARNING - No viable dags retrieved from /opt/airflow/dags/main.py
[2026-08-09T08:05:47.364+0000] {processor.py:183} INFO - Processing /opt/airflow/dags/main.py took 0.061 seconds
[2026-08-09T08:06:18.135+0000] {processor.py:161} INFO - Started process (PID=235) to work on /opt/airflow/dags/main.py
[2026-08-09T08:06:18.136+0000] {processor.py:830} INFO - Processing file /opt/airflow/dags/main.py for tasks to queue
[2026-08-09T08:06:18.138+0000] {logging_mixin.py:188} INFO - [2026-08-09T08:06:18.138+0000] {dagbag.py:545} INFO - Filling up the DagBag from /opt/airflow/dags/main.py
[2026-08-09T08:06:18.178+0000] {logging_mixin.py:188} INFO - [2026-08-09T08:06:18.175+0000] {dagbag.py:355} ERROR - Failed to import: /opt/airflow/dags/main.py
Traceback (most recent call last):
  File "/home/airflow/.local/lib/python3.10/site-packages/airflow/models/dagbag.py", line 351, in parse
    loader.exec_module(new_module)
  File "<frozen importlib._bootstrap_external>", line 883, in exec_module
  File "<frozen importlib._bootstrap>", line 241, in _call_with_frames_removed
  File "/opt/airflow/dags/main.py", line 6, in <module>
    from api.video_stats import (
ImportError: cannot import name 'extract_video_data' from 'api.video_stats' (/opt/airflow/dags/api/video_stats.py)
[2026-08-09T08:06:18.180+0000] {processor.py:842} WARNING - No viable dags retrieved from /opt/airflow/dags/main.py
[2026-08-09T08:06:18.196+0000] {processor.py:183} INFO - Processing /opt/airflow/dags/main.py took 0.066 seconds
[2026-08-09T08:06:49.172+0000] {processor.py:161} INFO - Started process (PID=248) to work on /opt/airflow/dags/main.py
[2026-08-09T08:06:49.173+0000] {processor.py:830} INFO - Processing file /opt/airflow/dags/main.py for tasks to queue
[2026-08-09T08:06:49.175+0000] {logging_mixin.py:188} INFO - [2026-08-09T08:06:49.175+0000] {dagbag.py:545} INFO - Filling up the DagBag from /opt/airflow/dags/main.py
[2026-08-09T08:06:49.215+0000] {logging_mixin.py:188} INFO - [2026-08-09T08:06:49.209+0000] {dagbag.py:355} ERROR - Failed to import: /opt/airflow/dags/main.py
Traceback (most recent call last):
  File "/home/airflow/.local/lib/python3.10/site-packages/airflow/models/dagbag.py", line 351, in parse
    loader.exec_module(new_module)
  File "<frozen importlib._bootstrap_external>", line 883, in exec_module
  File "<frozen importlib._bootstrap>", line 241, in _call_with_frames_removed
  File "/opt/airflow/dags/main.py", line 6, in <module>
    from api.video_stats import (
ImportError: cannot import name 'extract_video_data' from 'api.video_stats' (/opt/airflow/dags/api/video_stats.py)
[2026-08-09T08:06:49.216+0000] {processor.py:842} WARNING - No viable dags retrieved from /opt/airflow/dags/main.py
[2026-08-09T08:06:49.234+0000] {processor.py:183} INFO - Processing /opt/airflow/dags/main.py took 0.067 seconds
[2026-08-09T08:07:19.826+0000] {processor.py:161} INFO - Started process (PID=256) to work on /opt/airflow/dags/main.py
[2026-08-09T08:07:19.827+0000] {processor.py:830} INFO - Processing file /opt/airflow/dags/main.py for tasks to queue
[2026-08-09T08:07:19.829+0000] {logging_mixin.py:188} INFO - [2026-08-09T08:07:19.829+0000] {dagbag.py:545} INFO - Filling up the DagBag from /opt/airflow/dags/main.py
[2026-08-09T08:07:19.872+0000] {logging_mixin.py:188} INFO - [2026-08-09T08:07:19.869+0000] {dagbag.py:355} ERROR - Failed to import: /opt/airflow/dags/main.py
Traceback (most recent call last):
  File "/home/airflow/.local/lib/python3.10/site-packages/airflow/models/dagbag.py", line 351, in parse
    loader.exec_module(new_module)
  File "<frozen importlib._bootstrap_external>", line 883, in exec_module
  File "<frozen importlib._bootstrap>", line 241, in _call_with_frames_removed
  File "/opt/airflow/dags/main.py", line 6, in <module>
    from api.video_stats import (
ImportError: cannot import name 'extract_video_data' from 'api.video_stats' (/opt/airflow/dags/api/video_stats.py)
[2026-08-09T08:07:19.873+0000] {processor.py:842} WARNING - No viable dags retrieved from /opt/airflow/dags/main.py
[2026-08-09T08:07:19.888+0000] {processor.py:183} INFO - Processing /opt/airflow/dags/main.py took 0.067 seconds
[2026-08-09T08:07:50.639+0000] {processor.py:161} INFO - Started process (PID=263) to work on /opt/airflow/dags/main.py
[2026-08-09T08:07:50.640+0000] {processor.py:830} INFO - Processing file /opt/airflow/dags/main.py for tasks to queue
[2026-08-09T08:07:50.642+0000] {logging_mixin.py:188} INFO - [2026-08-09T08:07:50.641+0000] {dagbag.py:545} INFO - Filling up the DagBag from /opt/airflow/dags/main.py
[2026-08-09T08:07:50.679+0000] {logging_mixin.py:188} INFO - [2026-08-09T08:07:50.675+0000] {dagbag.py:355} ERROR - Failed to import: /opt/airflow/dags/main.py
Traceback (most recent call last):
  File "/home/airflow/.local/lib/python3.10/site-packages/airflow/models/dagbag.py", line 351, in parse
    loader.exec_module(new_module)
  File "<frozen importlib._bootstrap_external>", line 883, in exec_module
  File "<frozen importlib._bootstrap>", line 241, in _call_with_frames_removed
  File "/opt/airflow/dags/main.py", line 6, in <module>
    from api.video_stats import (
ImportError: cannot import name 'extract_video_data' from 'api.video_stats' (/opt/airflow/dags/api/video_stats.py)
[2026-08-09T08:07:50.680+0000] {processor.py:842} WARNING - No viable dags retrieved from /opt/airflow/dags/main.py
[2026-08-09T08:07:50.697+0000] {processor.py:183} INFO - Processing /opt/airflow/dags/main.py took 0.064 seconds
[2026-08-09T08:08:21.354+0000] {processor.py:161} INFO - Started process (PID=270) to work on /opt/airflow/dags/main.py
[2026-08-09T08:08:21.355+0000] {processor.py:830} INFO - Processing file /opt/airflow/dags/main.py for tasks to queue
[2026-08-09T08:08:21.357+0000] {logging_mixin.py:188} INFO - [2026-08-09T08:08:21.357+0000] {dagbag.py:545} INFO - Filling up the DagBag from /opt/airflow/dags/main.py
[2026-08-09T08:08:21.393+0000] {logging_mixin.py:188} INFO - [2026-08-09T08:08:21.391+0000] {dagbag.py:355} ERROR - Failed to import: /opt/airflow/dags/main.py
Traceback (most recent call last):
  File "/home/airflow/.local/lib/python3.10/site-packages/airflow/models/dagbag.py", line 351, in parse
    loader.exec_module(new_module)
  File "<frozen importlib._bootstrap_external>", line 883, in exec_module
  File "<frozen importlib._bootstrap>", line 241, in _call_with_frames_removed
  File "/opt/airflow/dags/main.py", line 6, in <module>
    from api.video_stats import (
ImportError: cannot import name 'extract_video_data' from 'api.video_stats' (/opt/airflow/dags/api/video_stats.py)
[2026-08-09T08:08:21.395+0000] {processor.py:842} WARNING - No viable dags retrieved from /opt/airflow/dags/main.py
[2026-08-09T08:08:21.410+0000] {processor.py:183} INFO - Processing /opt/airflow/dags/main.py took 0.061 seconds
[2026-08-09T08:08:52.451+0000] {processor.py:161} INFO - Started process (PID=277) to work on /opt/airflow/dags/main.py
[2026-08-09T08:08:52.452+0000] {processor.py:830} INFO - Processing file /opt/airflow/dags/main.py for tasks to queue
[2026-08-09T08:08:52.453+0000] {logging_mixin.py:188} INFO - [2026-08-09T08:08:52.453+0000] {dagbag.py:545} INFO - Filling up the DagBag from /opt/airflow/dags/main.py
[2026-08-09T08:08:52.492+0000] {logging_mixin.py:188} INFO - [2026-08-09T08:08:52.488+0000] {dagbag.py:355} ERROR - Failed to import: /opt/airflow/dags/main.py
Traceback (most recent call last):
  File "/home/airflow/.local/lib/python3.10/site-packages/airflow/models/dagbag.py", line 351, in parse
    loader.exec_module(new_module)
  File "<frozen importlib._bootstrap_external>", line 883, in exec_module
  File "<frozen importlib._bootstrap>", line 241, in _call_with_frames_removed
  File "/opt/airflow/dags/main.py", line 6, in <module>
    from api.video_stats import (
ImportError: cannot import name 'extract_video_data' from 'api.video_stats' (/opt/airflow/dags/api/video_stats.py)
[2026-08-09T08:08:52.493+0000] {processor.py:842} WARNING - No viable dags retrieved from /opt/airflow/dags/main.py
[2026-08-09T08:08:52.510+0000] {processor.py:183} INFO - Processing /opt/airflow/dags/main.py took 0.070 seconds
[2026-08-09T08:09:23.108+0000] {processor.py:161} INFO - Started process (PID=284) to work on /opt/airflow/dags/main.py
[2026-08-09T08:09:23.109+0000] {processor.py:830} INFO - Processing file /opt/airflow/dags/main.py for tasks to queue
[2026-08-09T08:09:23.111+0000] {logging_mixin.py:188} INFO - [2026-08-09T08:09:23.111+0000] {dagbag.py:545} INFO - Filling up the DagBag from /opt/airflow/dags/main.py
[2026-08-09T08:09:23.143+0000] {logging_mixin.py:188} INFO - [2026-08-09T08:09:23.141+0000] {dagbag.py:355} ERROR - Failed to import: /opt/airflow/dags/main.py
Traceback (most recent call last):
  File "/home/airflow/.local/lib/python3.10/site-packages/airflow/models/dagbag.py", line 351, in parse
    loader.exec_module(new_module)
  File "<frozen importlib._bootstrap_external>", line 883, in exec_module
  File "<frozen importlib._bootstrap>", line 241, in _call_with_frames_removed
  File "/opt/airflow/dags/main.py", line 6, in <module>
    from api.video_stats import (
ImportError: cannot import name 'extract_video_data' from 'api.video_stats' (/opt/airflow/dags/api/video_stats.py)
[2026-08-09T08:09:23.144+0000] {processor.py:842} WARNING - No viable dags retrieved from /opt/airflow/dags/main.py
[2026-08-09T08:09:23.160+0000] {processor.py:183} INFO - Processing /opt/airflow/dags/main.py took 0.058 seconds
[2026-08-09T08:09:53.894+0000] {processor.py:161} INFO - Started process (PID=291) to work on /opt/airflow/dags/main.py
[2026-08-09T08:09:53.895+0000] {processor.py:830} INFO - Processing file /opt/airflow/dags/main.py for tasks to queue
[2026-08-09T08:09:53.897+0000] {logging_mixin.py:188} INFO - [2026-08-09T08:09:53.896+0000] {dagbag.py:545} INFO - Filling up the DagBag from /opt/airflow/dags/main.py
[2026-08-09T08:09:53.938+0000] {logging_mixin.py:188} INFO - [2026-08-09T08:09:53.934+0000] {dagbag.py:355} ERROR - Failed to import: /opt/airflow/dags/main.py
Traceback (most recent call last):
  File "/home/airflow/.local/lib/python3.10/site-packages/airflow/models/dagbag.py", line 351, in parse
    loader.exec_module(new_module)
  File "<frozen importlib._bootstrap_external>", line 883, in exec_module
  File "<frozen importlib._bootstrap>", line 241, in _call_with_frames_removed
  File "/opt/airflow/dags/main.py", line 6, in <module>
    from api.video_stats import (
ImportError: cannot import name 'extract_video_data' from 'api.video_stats' (/opt/airflow/dags/api/video_stats.py)
[2026-08-09T08:09:53.939+0000] {processor.py:842} WARNING - No viable dags retrieved from /opt/airflow/dags/main.py
[2026-08-09T08:09:53.956+0000] {processor.py:183} INFO - Processing /opt/airflow/dags/main.py took 0.068 seconds
[2026-08-09T08:10:24.714+0000] {processor.py:161} INFO - Started process (PID=298) to work on /opt/airflow/dags/main.py
[2026-08-09T08:10:24.715+0000] {processor.py:830} INFO - Processing file /opt/airflow/dags/main.py for tasks to queue
[2026-08-09T08:10:24.717+0000] {logging_mixin.py:188} INFO - [2026-08-09T08:10:24.717+0000] {dagbag.py:545} INFO - Filling up the DagBag from /opt/airflow/dags/main.py
[2026-08-09T08:10:24.773+0000] {logging_mixin.py:188} INFO - [2026-08-09T08:10:24.769+0000] {dagbag.py:355} ERROR - Failed to import: /opt/airflow/dags/main.py
Traceback (most recent call last):
  File "/home/airflow/.local/lib/python3.10/site-packages/airflow/models/dagbag.py", line 351, in parse
    loader.exec_module(new_module)
  File "<frozen importlib._bootstrap_external>", line 883, in exec_module
  File "<frozen importlib._bootstrap>", line 241, in _call_with_frames_removed
  File "/opt/airflow/dags/main.py", line 6, in <module>
    from api.video_stats import (
ImportError: cannot import name 'extract_video_data' from 'api.video_stats' (/opt/airflow/dags/api/video_stats.py)
[2026-08-09T08:10:24.774+0000] {processor.py:842} WARNING - No viable dags retrieved from /opt/airflow/dags/main.py
[2026-08-09T08:10:24.792+0000] {processor.py:183} INFO - Processing /opt/airflow/dags/main.py took 0.084 seconds
[2026-08-09T08:10:55.546+0000] {processor.py:161} INFO - Started process (PID=305) to work on /opt/airflow/dags/main.py
[2026-08-09T08:10:55.547+0000] {processor.py:830} INFO - Processing file /opt/airflow/dags/main.py for tasks to queue
[2026-08-09T08:10:55.549+0000] {logging_mixin.py:188} INFO - [2026-08-09T08:10:55.549+0000] {dagbag.py:545} INFO - Filling up the DagBag from /opt/airflow/dags/main.py
[2026-08-09T08:10:55.586+0000] {logging_mixin.py:188} INFO - [2026-08-09T08:10:55.583+0000] {dagbag.py:355} ERROR - Failed to import: /opt/airflow/dags/main.py
Traceback (most recent call last):
  File "/home/airflow/.local/lib/python3.10/site-packages/airflow/models/dagbag.py", line 351, in parse
    loader.exec_module(new_module)
  File "<frozen importlib._bootstrap_external>", line 883, in exec_module
  File "<frozen importlib._bootstrap>", line 241, in _call_with_frames_removed
  File "/opt/airflow/dags/main.py", line 6, in <module>
    from api.video_stats import (
ImportError: cannot import name 'extract_video_data' from 'api.video_stats' (/opt/airflow/dags/api/video_stats.py)
[2026-08-09T08:10:55.587+0000] {processor.py:842} WARNING - No viable dags retrieved from /opt/airflow/dags/main.py
[2026-08-09T08:10:55.602+0000] {processor.py:183} INFO - Processing /opt/airflow/dags/main.py took 0.061 seconds
[2026-08-09T08:11:26.404+0000] {processor.py:161} INFO - Started process (PID=312) to work on /opt/airflow/dags/main.py
[2026-08-09T08:11:26.405+0000] {processor.py:830} INFO - Processing file /opt/airflow/dags/main.py for tasks to queue
[2026-08-09T08:11:26.406+0000] {logging_mixin.py:188} INFO - [2026-08-09T08:11:26.406+0000] {dagbag.py:545} INFO - Filling up the DagBag from /opt/airflow/dags/main.py
[2026-08-09T08:11:26.443+0000] {logging_mixin.py:188} INFO - [2026-08-09T08:11:26.440+0000] {dagbag.py:355} ERROR - Failed to import: /opt/airflow/dags/main.py
Traceback (most recent call last):
  File "/home/airflow/.local/lib/python3.10/site-packages/airflow/models/dagbag.py", line 351, in parse
    loader.exec_module(new_module)
  File "<frozen importlib._bootstrap_external>", line 883, in exec_module
  File "<frozen importlib._bootstrap>", line 241, in _call_with_frames_removed
  File "/opt/airflow/dags/main.py", line 6, in <module>
    from api.video_stats import (
ImportError: cannot import name 'extract_video_data' from 'api.video_stats' (/opt/airflow/dags/api/video_stats.py)
[2026-08-09T08:11:26.444+0000] {processor.py:842} WARNING - No viable dags retrieved from /opt/airflow/dags/main.py
[2026-08-09T08:11:26.461+0000] {processor.py:183} INFO - Processing /opt/airflow/dags/main.py took 0.063 seconds
[2026-08-09T08:11:57.238+0000] {processor.py:161} INFO - Started process (PID=319) to work on /opt/airflow/dags/main.py
[2026-08-09T08:11:57.239+0000] {processor.py:830} INFO - Processing file /opt/airflow/dags/main.py for tasks to queue
[2026-08-09T08:11:57.241+0000] {logging_mixin.py:188} INFO - [2026-08-09T08:11:57.241+0000] {dagbag.py:545} INFO - Filling up the DagBag from /opt/airflow/dags/main.py
[2026-08-09T08:11:57.279+0000] {logging_mixin.py:188} INFO - [2026-08-09T08:11:57.276+0000] {dagbag.py:355} ERROR - Failed to import: /opt/airflow/dags/main.py
Traceback (most recent call last):
  File "/home/airflow/.local/lib/python3.10/site-packages/airflow/models/dagbag.py", line 351, in parse
    loader.exec_module(new_module)
  File "<frozen importlib._bootstrap_external>", line 883, in exec_module
  File "<frozen importlib._bootstrap>", line 241, in _call_with_frames_removed
  File "/opt/airflow/dags/main.py", line 6, in <module>
    from api.video_stats import (
ImportError: cannot import name 'extract_video_data' from 'api.video_stats' (/opt/airflow/dags/api/video_stats.py)
[2026-08-09T08:11:57.280+0000] {processor.py:842} WARNING - No viable dags retrieved from /opt/airflow/dags/main.py
[2026-08-09T08:11:57.296+0000] {processor.py:183} INFO - Processing /opt/airflow/dags/main.py took 0.063 seconds
[2026-08-09T08:12:27.925+0000] {processor.py:161} INFO - Started process (PID=326) to work on /opt/airflow/dags/main.py
[2026-08-09T08:12:27.926+0000] {processor.py:830} INFO - Processing file /opt/airflow/dags/main.py for tasks to queue
[2026-08-09T08:12:27.928+0000] {logging_mixin.py:188} INFO - [2026-08-09T08:12:27.928+0000] {dagbag.py:545} INFO - Filling up the DagBag from /opt/airflow/dags/main.py
[2026-08-09T08:12:27.990+0000] {logging_mixin.py:188} INFO - [2026-08-09T08:12:27.986+0000] {dagbag.py:355} ERROR - Failed to import: /opt/airflow/dags/main.py
Traceback (most recent call last):
  File "/home/airflow/.local/lib/python3.10/site-packages/airflow/models/dagbag.py", line 351, in parse
    loader.exec_module(new_module)
  File "<frozen importlib._bootstrap_external>", line 883, in exec_module
  File "<frozen importlib._bootstrap>", line 241, in _call_with_frames_removed
  File "/opt/airflow/dags/main.py", line 6, in <module>
    from api.video_stats import (
ImportError: cannot import name 'extract_video_data' from 'api.video_stats' (/opt/airflow/dags/api/video_stats.py)
[2026-08-09T08:12:27.991+0000] {processor.py:842} WARNING - No viable dags retrieved from /opt/airflow/dags/main.py
[2026-08-09T08:12:28.011+0000] {processor.py:183} INFO - Processing /opt/airflow/dags/main.py took 0.091 seconds
[2026-08-09T08:12:58.699+0000] {processor.py:161} INFO - Started process (PID=333) to work on /opt/airflow/dags/main.py
[2026-08-09T08:12:58.700+0000] {processor.py:830} INFO - Processing file /opt/airflow/dags/main.py for tasks to queue
[2026-08-09T08:12:58.702+0000] {logging_mixin.py:188} INFO - [2026-08-09T08:12:58.702+0000] {dagbag.py:545} INFO - Filling up the DagBag from /opt/airflow/dags/main.py
[2026-08-09T08:12:58.738+0000] {logging_mixin.py:188} INFO - [2026-08-09T08:12:58.735+0000] {dagbag.py:355} ERROR - Failed to import: /opt/airflow/dags/main.py
Traceback (most recent call last):
  File "/home/airflow/.local/lib/python3.10/site-packages/airflow/models/dagbag.py", line 351, in parse
    loader.exec_module(new_module)
  File "<frozen importlib._bootstrap_external>", line 883, in exec_module
  File "<frozen importlib._bootstrap>", line 241, in _call_with_frames_removed
  File "/opt/airflow/dags/main.py", line 6, in <module>
    from api.video_stats import (
ImportError: cannot import name 'extract_video_data' from 'api.video_stats' (/opt/airflow/dags/api/video_stats.py)
[2026-08-09T08:12:58.739+0000] {processor.py:842} WARNING - No viable dags retrieved from /opt/airflow/dags/main.py
[2026-08-09T08:12:58.756+0000] {processor.py:183} INFO - Processing /opt/airflow/dags/main.py took 0.062 seconds
[2026-08-09T08:13:29.462+0000] {processor.py:161} INFO - Started process (PID=346) to work on /opt/airflow/dags/main.py
[2026-08-09T08:13:29.463+0000] {processor.py:830} INFO - Processing file /opt/airflow/dags/main.py for tasks to queue
[2026-08-09T08:13:29.464+0000] {logging_mixin.py:188} INFO - [2026-08-09T08:13:29.464+0000] {dagbag.py:545} INFO - Filling up the DagBag from /opt/airflow/dags/main.py
[2026-08-09T08:13:29.502+0000] {logging_mixin.py:188} INFO - [2026-08-09T08:13:29.499+0000] {dagbag.py:355} ERROR - Failed to import: /opt/airflow/dags/main.py
Traceback (most recent call last):
  File "/home/airflow/.local/lib/python3.10/site-packages/airflow/models/dagbag.py", line 351, in parse
    loader.exec_module(new_module)
  File "<frozen importlib._bootstrap_external>", line 883, in exec_module
  File "<frozen importlib._bootstrap>", line 241, in _call_with_frames_removed
  File "/opt/airflow/dags/main.py", line 6, in <module>
    from api.video_stats import (
ImportError: cannot import name 'extract_video_data' from 'api.video_stats' (/opt/airflow/dags/api/video_stats.py)
[2026-08-09T08:13:29.503+0000] {processor.py:842} WARNING - No viable dags retrieved from /opt/airflow/dags/main.py
[2026-08-09T08:13:29.521+0000] {processor.py:183} INFO - Processing /opt/airflow/dags/main.py took 0.064 seconds
[2026-08-09T08:14:00.185+0000] {processor.py:161} INFO - Started process (PID=353) to work on /opt/airflow/dags/main.py
[2026-08-09T08:14:00.187+0000] {processor.py:830} INFO - Processing file /opt/airflow/dags/main.py for tasks to queue
[2026-08-09T08:14:00.189+0000] {logging_mixin.py:188} INFO - [2026-08-09T08:14:00.188+0000] {dagbag.py:545} INFO - Filling up the DagBag from /opt/airflow/dags/main.py
[2026-08-09T08:14:00.225+0000] {logging_mixin.py:188} INFO - [2026-08-09T08:14:00.222+0000] {dagbag.py:355} ERROR - Failed to import: /opt/airflow/dags/main.py
Traceback (most recent call last):
  File "/home/airflow/.local/lib/python3.10/site-packages/airflow/models/dagbag.py", line 351, in parse
    loader.exec_module(new_module)
  File "<frozen importlib._bootstrap_external>", line 883, in exec_module
  File "<frozen importlib._bootstrap>", line 241, in _call_with_frames_removed
  File "/opt/airflow/dags/main.py", line 6, in <module>
    from api.video_stats import (
ImportError: cannot import name 'extract_video_data' from 'api.video_stats' (/opt/airflow/dags/api/video_stats.py)
[2026-08-09T08:14:00.226+0000] {processor.py:842} WARNING - No viable dags retrieved from /opt/airflow/dags/main.py
[2026-08-09T08:14:00.242+0000] {processor.py:183} INFO - Processing /opt/airflow/dags/main.py took 0.062 seconds
[2026-08-09T08:14:30.362+0000] {processor.py:161} INFO - Started process (PID=360) to work on /opt/airflow/dags/main.py
[2026-08-09T08:14:30.363+0000] {processor.py:830} INFO - Processing file /opt/airflow/dags/main.py for tasks to queue
[2026-08-09T08:14:30.364+0000] {logging_mixin.py:188} INFO - [2026-08-09T08:14:30.364+0000] {dagbag.py:545} INFO - Filling up the DagBag from /opt/airflow/dags/main.py
[2026-08-09T08:14:30.402+0000] {logging_mixin.py:188} INFO - [2026-08-09T08:14:30.399+0000] {dagbag.py:355} ERROR - Failed to import: /opt/airflow/dags/main.py
Traceback (most recent call last):
  File "/home/airflow/.local/lib/python3.10/site-packages/airflow/models/dagbag.py", line 351, in parse
    loader.exec_module(new_module)
  File "<frozen importlib._bootstrap_external>", line 883, in exec_module
  File "<frozen importlib._bootstrap>", line 241, in _call_with_frames_removed
  File "/opt/airflow/dags/main.py", line 6, in <module>
    from api.video_stats import (
ImportError: cannot import name 'extract_video_data' from 'api.video_stats' (/opt/airflow/dags/api/video_stats.py)
[2026-08-09T08:14:30.403+0000] {processor.py:842} WARNING - No viable dags retrieved from /opt/airflow/dags/main.py
[2026-08-09T08:14:30.418+0000] {processor.py:183} INFO - Processing /opt/airflow/dags/main.py took 0.062 seconds
[2026-08-09T08:15:01.104+0000] {processor.py:161} INFO - Started process (PID=368) to work on /opt/airflow/dags/main.py
[2026-08-09T08:15:01.105+0000] {processor.py:830} INFO - Processing file /opt/airflow/dags/main.py for tasks to queue
[2026-08-09T08:15:01.107+0000] {logging_mixin.py:188} INFO - [2026-08-09T08:15:01.107+0000] {dagbag.py:545} INFO - Filling up the DagBag from /opt/airflow/dags/main.py
[2026-08-09T08:15:01.145+0000] {logging_mixin.py:188} INFO - [2026-08-09T08:15:01.142+0000] {dagbag.py:355} ERROR - Failed to import: /opt/airflow/dags/main.py
Traceback (most recent call last):
  File "/home/airflow/.local/lib/python3.10/site-packages/airflow/models/dagbag.py", line 351, in parse
    loader.exec_module(new_module)
  File "<frozen importlib._bootstrap_external>", line 883, in exec_module
  File "<frozen importlib._bootstrap>", line 241, in _call_with_frames_removed
  File "/opt/airflow/dags/main.py", line 6, in <module>
    from api.video_stats import (
ImportError: cannot import name 'extract_video_data' from 'api.video_stats' (/opt/airflow/dags/api/video_stats.py)
[2026-08-09T08:15:01.146+0000] {processor.py:842} WARNING - No viable dags retrieved from /opt/airflow/dags/main.py
[2026-08-09T08:15:01.162+0000] {processor.py:183} INFO - Processing /opt/airflow/dags/main.py took 0.063 seconds
[2026-08-09T08:15:31.808+0000] {processor.py:161} INFO - Started process (PID=375) to work on /opt/airflow/dags/main.py
[2026-08-09T08:15:31.809+0000] {processor.py:830} INFO - Processing file /opt/airflow/dags/main.py for tasks to queue
[2026-08-09T08:15:31.811+0000] {logging_mixin.py:188} INFO - [2026-08-09T08:15:31.811+0000] {dagbag.py:545} INFO - Filling up the DagBag from /opt/airflow/dags/main.py
[2026-08-09T08:15:31.857+0000] {logging_mixin.py:188} INFO - [2026-08-09T08:15:31.852+0000] {dagbag.py:355} ERROR - Failed to import: /opt/airflow/dags/main.py
Traceback (most recent call last):
  File "/home/airflow/.local/lib/python3.10/site-packages/airflow/models/dagbag.py", line 351, in parse
    loader.exec_module(new_module)
  File "<frozen importlib._bootstrap_external>", line 883, in exec_module
  File "<frozen importlib._bootstrap>", line 241, in _call_with_frames_removed
  File "/opt/airflow/dags/main.py", line 6, in <module>
    from api.video_stats import (
ImportError: cannot import name 'extract_video_data' from 'api.video_stats' (/opt/airflow/dags/api/video_stats.py)
[2026-08-09T08:15:31.858+0000] {processor.py:842} WARNING - No viable dags retrieved from /opt/airflow/dags/main.py
[2026-08-09T08:15:31.874+0000] {processor.py:183} INFO - Processing /opt/airflow/dags/main.py took 0.072 seconds
[2026-08-09T08:16:02.585+0000] {processor.py:161} INFO - Started process (PID=383) to work on /opt/airflow/dags/main.py
[2026-08-09T08:16:02.586+0000] {processor.py:830} INFO - Processing file /opt/airflow/dags/main.py for tasks to queue
[2026-08-09T08:16:02.588+0000] {logging_mixin.py:188} INFO - [2026-08-09T08:16:02.588+0000] {dagbag.py:545} INFO - Filling up the DagBag from /opt/airflow/dags/main.py
[2026-08-09T08:16:02.643+0000] {logging_mixin.py:188} INFO - [2026-08-09T08:16:02.638+0000] {dagbag.py:355} ERROR - Failed to import: /opt/airflow/dags/main.py
Traceback (most recent call last):
  File "/home/airflow/.local/lib/python3.10/site-packages/airflow/models/dagbag.py", line 351, in parse
    loader.exec_module(new_module)
  File "<frozen importlib._bootstrap_external>", line 883, in exec_module
  File "<frozen importlib._bootstrap>", line 241, in _call_with_frames_removed
  File "/opt/airflow/dags/main.py", line 6, in <module>
    from api.video_stats import (
ImportError: cannot import name 'extract_video_data' from 'api.video_stats' (/opt/airflow/dags/api/video_stats.py)
[2026-08-09T08:16:02.644+0000] {processor.py:842} WARNING - No viable dags retrieved from /opt/airflow/dags/main.py
[2026-08-09T08:16:02.660+0000] {processor.py:183} INFO - Processing /opt/airflow/dags/main.py took 0.081 seconds
[2026-08-09T08:16:33.265+0000] {processor.py:161} INFO - Started process (PID=390) to work on /opt/airflow/dags/main.py
[2026-08-09T08:16:33.266+0000] {processor.py:830} INFO - Processing file /opt/airflow/dags/main.py for tasks to queue
[2026-08-09T08:16:33.268+0000] {logging_mixin.py:188} INFO - [2026-08-09T08:16:33.267+0000] {dagbag.py:545} INFO - Filling up the DagBag from /opt/airflow/dags/main.py
[2026-08-09T08:16:33.310+0000] {logging_mixin.py:188} INFO - [2026-08-09T08:16:33.306+0000] {dagbag.py:355} ERROR - Failed to import: /opt/airflow/dags/main.py
Traceback (most recent call last):
  File "/home/airflow/.local/lib/python3.10/site-packages/airflow/models/dagbag.py", line 351, in parse
    loader.exec_module(new_module)
  File "<frozen importlib._bootstrap_external>", line 883, in exec_module
  File "<frozen importlib._bootstrap>", line 241, in _call_with_frames_removed
  File "/opt/airflow/dags/main.py", line 6, in <module>
    from api.video_stats import (
ImportError: cannot import name 'extract_video_data' from 'api.video_stats' (/opt/airflow/dags/api/video_stats.py)
[2026-08-09T08:16:33.311+0000] {processor.py:842} WARNING - No viable dags retrieved from /opt/airflow/dags/main.py
[2026-08-09T08:16:33.331+0000] {processor.py:183} INFO - Processing /opt/airflow/dags/main.py took 0.072 seconds
[2026-08-09T08:17:04.075+0000] {processor.py:161} INFO - Started process (PID=397) to work on /opt/airflow/dags/main.py
[2026-08-09T08:17:04.076+0000] {processor.py:830} INFO - Processing file /opt/airflow/dags/main.py for tasks to queue
[2026-08-09T08:17:04.080+0000] {logging_mixin.py:188} INFO - [2026-08-09T08:17:04.080+0000] {dagbag.py:545} INFO - Filling up the DagBag from /opt/airflow/dags/main.py
[2026-08-09T08:17:04.130+0000] {logging_mixin.py:188} INFO - [2026-08-09T08:17:04.124+0000] {dagbag.py:355} ERROR - Failed to import: /opt/airflow/dags/main.py
Traceback (most recent call last):
  File "/home/airflow/.local/lib/python3.10/site-packages/airflow/models/dagbag.py", line 351, in parse
    loader.exec_module(new_module)
  File "<frozen importlib._bootstrap_external>", line 883, in exec_module
  File "<frozen importlib._bootstrap>", line 241, in _call_with_frames_removed
  File "/opt/airflow/dags/main.py", line 6, in <module>
    from api.video_stats import (
ImportError: cannot import name 'extract_video_data' from 'api.video_stats' (/opt/airflow/dags/api/video_stats.py)
[2026-08-09T08:17:04.132+0000] {processor.py:842} WARNING - No viable dags retrieved from /opt/airflow/dags/main.py
[2026-08-09T08:17:04.166+0000] {processor.py:183} INFO - Processing /opt/airflow/dags/main.py took 0.097 seconds
[2026-08-09T08:17:34.869+0000] {processor.py:161} INFO - Started process (PID=404) to work on /opt/airflow/dags/main.py
[2026-08-09T08:17:34.870+0000] {processor.py:830} INFO - Processing file /opt/airflow/dags/main.py for tasks to queue
[2026-08-09T08:17:34.872+0000] {logging_mixin.py:188} INFO - [2026-08-09T08:17:34.872+0000] {dagbag.py:545} INFO - Filling up the DagBag from /opt/airflow/dags/main.py
[2026-08-09T08:17:34.909+0000] {logging_mixin.py:188} INFO - [2026-08-09T08:17:34.905+0000] {dagbag.py:355} ERROR - Failed to import: /opt/airflow/dags/main.py
Traceback (most recent call last):
  File "/home/airflow/.local/lib/python3.10/site-packages/airflow/models/dagbag.py", line 351, in parse
    loader.exec_module(new_module)
  File "<frozen importlib._bootstrap_external>", line 883, in exec_module
  File "<frozen importlib._bootstrap>", line 241, in _call_with_frames_removed
  File "/opt/airflow/dags/main.py", line 6, in <module>
    from api.video_stats import (
ImportError: cannot import name 'extract_video_data' from 'api.video_stats' (/opt/airflow/dags/api/video_stats.py)
[2026-08-09T08:17:34.910+0000] {processor.py:842} WARNING - No viable dags retrieved from /opt/airflow/dags/main.py
[2026-08-09T08:17:34.929+0000] {processor.py:183} INFO - Processing /opt/airflow/dags/main.py took 0.065 seconds
[2026-08-09T08:18:05.714+0000] {processor.py:161} INFO - Started process (PID=411) to work on /opt/airflow/dags/main.py
[2026-08-09T08:18:05.715+0000] {processor.py:830} INFO - Processing file /opt/airflow/dags/main.py for tasks to queue
[2026-08-09T08:18:05.717+0000] {logging_mixin.py:188} INFO - [2026-08-09T08:18:05.717+0000] {dagbag.py:545} INFO - Filling up the DagBag from /opt/airflow/dags/main.py
[2026-08-09T08:18:05.756+0000] {logging_mixin.py:188} INFO - [2026-08-09T08:18:05.753+0000] {dagbag.py:355} ERROR - Failed to import: /opt/airflow/dags/main.py
Traceback (most recent call last):
  File "/home/airflow/.local/lib/python3.10/site-packages/airflow/models/dagbag.py", line 351, in parse
    loader.exec_module(new_module)
  File "<frozen importlib._bootstrap_external>", line 883, in exec_module
  File "<frozen importlib._bootstrap>", line 241, in _call_with_frames_removed
  File "/opt/airflow/dags/main.py", line 6, in <module>
    from api.video_stats import (
ImportError: cannot import name 'extract_video_data' from 'api.video_stats' (/opt/airflow/dags/api/video_stats.py)
[2026-08-09T08:18:05.757+0000] {processor.py:842} WARNING - No viable dags retrieved from /opt/airflow/dags/main.py
[2026-08-09T08:18:05.773+0000] {processor.py:183} INFO - Processing /opt/airflow/dags/main.py took 0.065 seconds
[2026-08-09T08:18:36.445+0000] {processor.py:161} INFO - Started process (PID=418) to work on /opt/airflow/dags/main.py
[2026-08-09T08:18:36.446+0000] {processor.py:830} INFO - Processing file /opt/airflow/dags/main.py for tasks to queue
[2026-08-09T08:18:36.448+0000] {logging_mixin.py:188} INFO - [2026-08-09T08:18:36.448+0000] {dagbag.py:545} INFO - Filling up the DagBag from /opt/airflow/dags/main.py
[2026-08-09T08:18:36.482+0000] {logging_mixin.py:188} INFO - [2026-08-09T08:18:36.479+0000] {dagbag.py:355} ERROR - Failed to import: /opt/airflow/dags/main.py
Traceback (most recent call last):
  File "/home/airflow/.local/lib/python3.10/site-packages/airflow/models/dagbag.py", line 351, in parse
    loader.exec_module(new_module)
  File "<frozen importlib._bootstrap_external>", line 883, in exec_module
  File "<frozen importlib._bootstrap>", line 241, in _call_with_frames_removed
  File "/opt/airflow/dags/main.py", line 6, in <module>
    from api.video_stats import (
ImportError: cannot import name 'extract_video_data' from 'api.video_stats' (/opt/airflow/dags/api/video_stats.py)
[2026-08-09T08:18:36.483+0000] {processor.py:842} WARNING - No viable dags retrieved from /opt/airflow/dags/main.py
[2026-08-09T08:18:36.499+0000] {processor.py:183} INFO - Processing /opt/airflow/dags/main.py took 0.059 seconds
[2026-08-09T08:19:07.168+0000] {processor.py:161} INFO - Started process (PID=425) to work on /opt/airflow/dags/main.py
[2026-08-09T08:19:07.169+0000] {processor.py:830} INFO - Processing file /opt/airflow/dags/main.py for tasks to queue
[2026-08-09T08:19:07.171+0000] {logging_mixin.py:188} INFO - [2026-08-09T08:19:07.170+0000] {dagbag.py:545} INFO - Filling up the DagBag from /opt/airflow/dags/main.py
[2026-08-09T08:19:07.223+0000] {logging_mixin.py:188} INFO - [2026-08-09T08:19:07.217+0000] {dagbag.py:355} ERROR - Failed to import: /opt/airflow/dags/main.py
Traceback (most recent call last):
  File "/home/airflow/.local/lib/python3.10/site-packages/airflow/models/dagbag.py", line 351, in parse
    loader.exec_module(new_module)
  File "<frozen importlib._bootstrap_external>", line 883, in exec_module
  File "<frozen importlib._bootstrap>", line 241, in _call_with_frames_removed
  File "/opt/airflow/dags/main.py", line 6, in <module>
    from api.video_stats import (
ImportError: cannot import name 'extract_video_data' from 'api.video_stats' (/opt/airflow/dags/api/video_stats.py)
[2026-08-09T08:19:07.224+0000] {processor.py:842} WARNING - No viable dags retrieved from /opt/airflow/dags/main.py
[2026-08-09T08:19:07.242+0000] {processor.py:183} INFO - Processing /opt/airflow/dags/main.py took 0.080 seconds
[2026-08-09T08:19:37.915+0000] {processor.py:161} INFO - Started process (PID=438) to work on /opt/airflow/dags/main.py
[2026-08-09T08:19:37.916+0000] {processor.py:830} INFO - Processing file /opt/airflow/dags/main.py for tasks to queue
[2026-08-09T08:19:37.918+0000] {logging_mixin.py:188} INFO - [2026-08-09T08:19:37.917+0000] {dagbag.py:545} INFO - Filling up the DagBag from /opt/airflow/dags/main.py
[2026-08-09T08:19:37.954+0000] {logging_mixin.py:188} INFO - [2026-08-09T08:19:37.951+0000] {dagbag.py:355} ERROR - Failed to import: /opt/airflow/dags/main.py
Traceback (most recent call last):
  File "/home/airflow/.local/lib/python3.10/site-packages/airflow/models/dagbag.py", line 351, in parse
    loader.exec_module(new_module)
  File "<frozen importlib._bootstrap_external>", line 883, in exec_module
  File "<frozen importlib._bootstrap>", line 241, in _call_with_frames_removed
  File "/opt/airflow/dags/main.py", line 6, in <module>
    from api.video_stats import (
ImportError: cannot import name 'extract_video_data' from 'api.video_stats' (/opt/airflow/dags/api/video_stats.py)
[2026-08-09T08:19:37.955+0000] {processor.py:842} WARNING - No viable dags retrieved from /opt/airflow/dags/main.py
[2026-08-09T08:19:37.972+0000] {processor.py:183} INFO - Processing /opt/airflow/dags/main.py took 0.062 seconds
[2026-08-09T08:20:08.666+0000] {processor.py:161} INFO - Started process (PID=445) to work on /opt/airflow/dags/main.py
[2026-08-09T08:20:08.667+0000] {processor.py:830} INFO - Processing file /opt/airflow/dags/main.py for tasks to queue
[2026-08-09T08:20:08.669+0000] {logging_mixin.py:188} INFO - [2026-08-09T08:20:08.669+0000] {dagbag.py:545} INFO - Filling up the DagBag from /opt/airflow/dags/main.py
[2026-08-09T08:20:08.706+0000] {logging_mixin.py:188} INFO - [2026-08-09T08:20:08.703+0000] {dagbag.py:355} ERROR - Failed to import: /opt/airflow/dags/main.py
Traceback (most recent call last):
  File "/home/airflow/.local/lib/python3.10/site-packages/airflow/models/dagbag.py", line 351, in parse
    loader.exec_module(new_module)
  File "<frozen importlib._bootstrap_external>", line 883, in exec_module
  File "<frozen importlib._bootstrap>", line 241, in _call_with_frames_removed
  File "/opt/airflow/dags/main.py", line 6, in <module>
    from api.video_stats import (
ImportError: cannot import name 'extract_video_data' from 'api.video_stats' (/opt/airflow/dags/api/video_stats.py)
[2026-08-09T08:20:08.707+0000] {processor.py:842} WARNING - No viable dags retrieved from /opt/airflow/dags/main.py
[2026-08-09T08:20:08.723+0000] {processor.py:183} INFO - Processing /opt/airflow/dags/main.py took 0.062 seconds
[2026-08-09T08:20:38.854+0000] {processor.py:161} INFO - Started process (PID=452) to work on /opt/airflow/dags/main.py
[2026-08-09T08:20:38.857+0000] {processor.py:830} INFO - Processing file /opt/airflow/dags/main.py for tasks to queue
[2026-08-09T08:20:38.862+0000] {logging_mixin.py:188} INFO - [2026-08-09T08:20:38.861+0000] {dagbag.py:545} INFO - Filling up the DagBag from /opt/airflow/dags/main.py
[2026-08-09T08:20:38.916+0000] {logging_mixin.py:188} INFO - [2026-08-09T08:20:38.911+0000] {dagbag.py:355} ERROR - Failed to import: /opt/airflow/dags/main.py
Traceback (most recent call last):
  File "/home/airflow/.local/lib/python3.10/site-packages/airflow/models/dagbag.py", line 351, in parse
    loader.exec_module(new_module)
  File "<frozen importlib._bootstrap_external>", line 883, in exec_module
  File "<frozen importlib._bootstrap>", line 241, in _call_with_frames_removed
  File "/opt/airflow/dags/main.py", line 6, in <module>
    from api.video_stats import (
ImportError: cannot import name 'extract_video_data' from 'api.video_stats' (/opt/airflow/dags/api/video_stats.py)
[2026-08-09T08:20:38.917+0000] {processor.py:842} WARNING - No viable dags retrieved from /opt/airflow/dags/main.py
[2026-08-09T08:20:38.944+0000] {processor.py:183} INFO - Processing /opt/airflow/dags/main.py took 0.104 seconds
[2026-08-09T08:21:09.675+0000] {processor.py:161} INFO - Started process (PID=459) to work on /opt/airflow/dags/main.py
[2026-08-09T08:21:09.676+0000] {processor.py:830} INFO - Processing file /opt/airflow/dags/main.py for tasks to queue
[2026-08-09T08:21:09.679+0000] {logging_mixin.py:188} INFO - [2026-08-09T08:21:09.679+0000] {dagbag.py:545} INFO - Filling up the DagBag from /opt/airflow/dags/main.py
[2026-08-09T08:21:09.717+0000] {logging_mixin.py:188} INFO - [2026-08-09T08:21:09.713+0000] {dagbag.py:355} ERROR - Failed to import: /opt/airflow/dags/main.py
Traceback (most recent call last):
  File "/home/airflow/.local/lib/python3.10/site-packages/airflow/models/dagbag.py", line 351, in parse
    loader.exec_module(new_module)
  File "<frozen importlib._bootstrap_external>", line 883, in exec_module
  File "<frozen importlib._bootstrap>", line 241, in _call_with_frames_removed
  File "/opt/airflow/dags/main.py", line 6, in <module>
    from api.video_stats import (
ImportError: cannot import name 'extract_video_data' from 'api.video_stats' (/opt/airflow/dags/api/video_stats.py)
[2026-08-09T08:21:09.718+0000] {processor.py:842} WARNING - No viable dags retrieved from /opt/airflow/dags/main.py
[2026-08-09T08:21:09.734+0000] {processor.py:183} INFO - Processing /opt/airflow/dags/main.py took 0.065 seconds
[2026-08-09T08:21:40.408+0000] {processor.py:161} INFO - Started process (PID=466) to work on /opt/airflow/dags/main.py
[2026-08-09T08:21:40.409+0000] {processor.py:830} INFO - Processing file /opt/airflow/dags/main.py for tasks to queue
[2026-08-09T08:21:40.412+0000] {logging_mixin.py:188} INFO - [2026-08-09T08:21:40.411+0000] {dagbag.py:545} INFO - Filling up the DagBag from /opt/airflow/dags/main.py
[2026-08-09T08:21:40.450+0000] {logging_mixin.py:188} INFO - [2026-08-09T08:21:40.447+0000] {dagbag.py:355} ERROR - Failed to import: /opt/airflow/dags/main.py
Traceback (most recent call last):
  File "/home/airflow/.local/lib/python3.10/site-packages/airflow/models/dagbag.py", line 351, in parse
    loader.exec_module(new_module)
  File "<frozen importlib._bootstrap_external>", line 883, in exec_module
  File "<frozen importlib._bootstrap>", line 241, in _call_with_frames_removed
  File "/opt/airflow/dags/main.py", line 6, in <module>
    from api.video_stats import (
ImportError: cannot import name 'extract_video_data' from 'api.video_stats' (/opt/airflow/dags/api/video_stats.py)
[2026-08-09T08:21:40.451+0000] {processor.py:842} WARNING - No viable dags retrieved from /opt/airflow/dags/main.py
[2026-08-09T08:21:40.467+0000] {processor.py:183} INFO - Processing /opt/airflow/dags/main.py took 0.066 seconds
[2026-08-09T08:22:11.178+0000] {processor.py:161} INFO - Started process (PID=473) to work on /opt/airflow/dags/main.py
[2026-08-09T08:22:11.179+0000] {processor.py:830} INFO - Processing file /opt/airflow/dags/main.py for tasks to queue
[2026-08-09T08:22:11.181+0000] {logging_mixin.py:188} INFO - [2026-08-09T08:22:11.181+0000] {dagbag.py:545} INFO - Filling up the DagBag from /opt/airflow/dags/main.py
[2026-08-09T08:22:11.227+0000] {logging_mixin.py:188} INFO - [2026-08-09T08:22:11.223+0000] {dagbag.py:355} ERROR - Failed to import: /opt/airflow/dags/main.py
Traceback (most recent call last):
  File "/home/airflow/.local/lib/python3.10/site-packages/airflow/models/dagbag.py", line 351, in parse
    loader.exec_module(new_module)
  File "<frozen importlib._bootstrap_external>", line 883, in exec_module
  File "<frozen importlib._bootstrap>", line 241, in _call_with_frames_removed
  File "/opt/airflow/dags/main.py", line 6, in <module>
    from api.video_stats import (
ImportError: cannot import name 'extract_video_data' from 'api.video_stats' (/opt/airflow/dags/api/video_stats.py)
[2026-08-09T08:22:11.229+0000] {processor.py:842} WARNING - No viable dags retrieved from /opt/airflow/dags/main.py
[2026-08-09T08:22:11.259+0000] {processor.py:183} INFO - Processing /opt/airflow/dags/main.py took 0.086 seconds
[2026-08-09T08:22:41.987+0000] {processor.py:161} INFO - Started process (PID=480) to work on /opt/airflow/dags/main.py
[2026-08-09T08:22:41.988+0000] {processor.py:830} INFO - Processing file /opt/airflow/dags/main.py for tasks to queue
[2026-08-09T08:22:41.990+0000] {logging_mixin.py:188} INFO - [2026-08-09T08:22:41.990+0000] {dagbag.py:545} INFO - Filling up the DagBag from /opt/airflow/dags/main.py
[2026-08-09T08:22:42.027+0000] {logging_mixin.py:188} INFO - [2026-08-09T08:22:42.025+0000] {dagbag.py:355} ERROR - Failed to import: /opt/airflow/dags/main.py
Traceback (most recent call last):
  File "/home/airflow/.local/lib/python3.10/site-packages/airflow/models/dagbag.py", line 351, in parse
    loader.exec_module(new_module)
  File "<frozen importlib._bootstrap_external>", line 883, in exec_module
  File "<frozen importlib._bootstrap>", line 241, in _call_with_frames_removed
  File "/opt/airflow/dags/main.py", line 6, in <module>
    from api.video_stats import (
ImportError: cannot import name 'extract_video_data' from 'api.video_stats' (/opt/airflow/dags/api/video_stats.py)
[2026-08-09T08:22:42.029+0000] {processor.py:842} WARNING - No viable dags retrieved from /opt/airflow/dags/main.py
[2026-08-09T08:22:42.045+0000] {processor.py:183} INFO - Processing /opt/airflow/dags/main.py took 0.063 seconds
[2026-08-09T08:23:12.932+0000] {processor.py:161} INFO - Started process (PID=487) to work on /opt/airflow/dags/main.py
[2026-08-09T08:23:12.932+0000] {processor.py:830} INFO - Processing file /opt/airflow/dags/main.py for tasks to queue
[2026-08-09T08:23:12.934+0000] {logging_mixin.py:188} INFO - [2026-08-09T08:23:12.934+0000] {dagbag.py:545} INFO - Filling up the DagBag from /opt/airflow/dags/main.py
[2026-08-09T08:23:12.971+0000] {logging_mixin.py:188} INFO - [2026-08-09T08:23:12.968+0000] {dagbag.py:355} ERROR - Failed to import: /opt/airflow/dags/main.py
Traceback (most recent call last):
  File "/home/airflow/.local/lib/python3.10/site-packages/airflow/models/dagbag.py", line 351, in parse
    loader.exec_module(new_module)
  File "<frozen importlib._bootstrap_external>", line 883, in exec_module
  File "<frozen importlib._bootstrap>", line 241, in _call_with_frames_removed
  File "/opt/airflow/dags/main.py", line 6, in <module>
    from api.video_stats import (
ImportError: cannot import name 'extract_video_data' from 'api.video_stats' (/opt/airflow/dags/api/video_stats.py)
[2026-08-09T08:23:12.972+0000] {processor.py:842} WARNING - No viable dags retrieved from /opt/airflow/dags/main.py
[2026-08-09T08:23:12.988+0000] {processor.py:183} INFO - Processing /opt/airflow/dags/main.py took 0.062 seconds
[2026-08-09T08:23:43.702+0000] {processor.py:161} INFO - Started process (PID=494) to work on /opt/airflow/dags/main.py
[2026-08-09T08:23:43.703+0000] {processor.py:830} INFO - Processing file /opt/airflow/dags/main.py for tasks to queue
[2026-08-09T08:23:43.705+0000] {logging_mixin.py:188} INFO - [2026-08-09T08:23:43.705+0000] {dagbag.py:545} INFO - Filling up the DagBag from /opt/airflow/dags/main.py
[2026-08-09T08:23:43.744+0000] {logging_mixin.py:188} INFO - [2026-08-09T08:23:43.741+0000] {dagbag.py:355} ERROR - Failed to import: /opt/airflow/dags/main.py
Traceback (most recent call last):
  File "/home/airflow/.local/lib/python3.10/site-packages/airflow/models/dagbag.py", line 351, in parse
    loader.exec_module(new_module)
  File "<frozen importlib._bootstrap_external>", line 883, in exec_module
  File "<frozen importlib._bootstrap>", line 241, in _call_with_frames_removed
  File "/opt/airflow/dags/main.py", line 6, in <module>
    from api.video_stats import (
ImportError: cannot import name 'extract_video_data' from 'api.video_stats' (/opt/airflow/dags/api/video_stats.py)
[2026-08-09T08:23:43.745+0000] {processor.py:842} WARNING - No viable dags retrieved from /opt/airflow/dags/main.py
[2026-08-09T08:23:43.762+0000] {processor.py:183} INFO - Processing /opt/airflow/dags/main.py took 0.066 seconds
[2026-08-09T08:24:14.384+0000] {processor.py:161} INFO - Started process (PID=501) to work on /opt/airflow/dags/main.py
[2026-08-09T08:24:14.385+0000] {processor.py:830} INFO - Processing file /opt/airflow/dags/main.py for tasks to queue
[2026-08-09T08:24:14.387+0000] {logging_mixin.py:188} INFO - [2026-08-09T08:24:14.387+0000] {dagbag.py:545} INFO - Filling up the DagBag from /opt/airflow/dags/main.py
[2026-08-09T08:24:14.425+0000] {logging_mixin.py:188} INFO - [2026-08-09T08:24:14.422+0000] {dagbag.py:355} ERROR - Failed to import: /opt/airflow/dags/main.py
Traceback (most recent call last):
  File "/home/airflow/.local/lib/python3.10/site-packages/airflow/models/dagbag.py", line 351, in parse
    loader.exec_module(new_module)
  File "<frozen importlib._bootstrap_external>", line 883, in exec_module
  File "<frozen importlib._bootstrap>", line 241, in _call_with_frames_removed
  File "/opt/airflow/dags/main.py", line 6, in <module>
    from api.video_stats import (
ImportError: cannot import name 'extract_video_data' from 'api.video_stats' (/opt/airflow/dags/api/video_stats.py)
[2026-08-09T08:24:14.426+0000] {processor.py:842} WARNING - No viable dags retrieved from /opt/airflow/dags/main.py
[2026-08-09T08:24:14.443+0000] {processor.py:183} INFO - Processing /opt/airflow/dags/main.py took 0.064 seconds
[2026-08-09T08:24:45.144+0000] {processor.py:161} INFO - Started process (PID=508) to work on /opt/airflow/dags/main.py
[2026-08-09T08:24:45.145+0000] {processor.py:830} INFO - Processing file /opt/airflow/dags/main.py for tasks to queue
[2026-08-09T08:24:45.148+0000] {logging_mixin.py:188} INFO - [2026-08-09T08:24:45.147+0000] {dagbag.py:545} INFO - Filling up the DagBag from /opt/airflow/dags/main.py
[2026-08-09T08:24:45.192+0000] {logging_mixin.py:188} INFO - [2026-08-09T08:24:45.189+0000] {dagbag.py:355} ERROR - Failed to import: /opt/airflow/dags/main.py
Traceback (most recent call last):
  File "/home/airflow/.local/lib/python3.10/site-packages/airflow/models/dagbag.py", line 351, in parse
    loader.exec_module(new_module)
  File "<frozen importlib._bootstrap_external>", line 883, in exec_module
  File "<frozen importlib._bootstrap>", line 241, in _call_with_frames_removed
  File "/opt/airflow/dags/main.py", line 6, in <module>
    from api.video_stats import (
ImportError: cannot import name 'extract_video_data' from 'api.video_stats' (/opt/airflow/dags/api/video_stats.py)
[2026-08-09T08:24:45.193+0000] {processor.py:842} WARNING - No viable dags retrieved from /opt/airflow/dags/main.py
[2026-08-09T08:24:45.211+0000] {processor.py:183} INFO - Processing /opt/airflow/dags/main.py took 0.074 seconds
[2026-08-09T08:25:15.860+0000] {processor.py:161} INFO - Started process (PID=515) to work on /opt/airflow/dags/main.py
[2026-08-09T08:25:15.861+0000] {processor.py:830} INFO - Processing file /opt/airflow/dags/main.py for tasks to queue
[2026-08-09T08:25:15.862+0000] {logging_mixin.py:188} INFO - [2026-08-09T08:25:15.862+0000] {dagbag.py:545} INFO - Filling up the DagBag from /opt/airflow/dags/main.py
[2026-08-09T08:25:15.902+0000] {logging_mixin.py:188} INFO - [2026-08-09T08:25:15.898+0000] {dagbag.py:355} ERROR - Failed to import: /opt/airflow/dags/main.py
Traceback (most recent call last):
  File "/home/airflow/.local/lib/python3.10/site-packages/airflow/models/dagbag.py", line 351, in parse
    loader.exec_module(new_module)
  File "<frozen importlib._bootstrap_external>", line 883, in exec_module
  File "<frozen importlib._bootstrap>", line 241, in _call_with_frames_removed
  File "/opt/airflow/dags/main.py", line 6, in <module>
    from api.video_stats import (
ImportError: cannot import name 'extract_video_data' from 'api.video_stats' (/opt/airflow/dags/api/video_stats.py)
[2026-08-09T08:25:15.903+0000] {processor.py:842} WARNING - No viable dags retrieved from /opt/airflow/dags/main.py
[2026-08-09T08:25:15.921+0000] {processor.py:183} INFO - Processing /opt/airflow/dags/main.py took 0.067 seconds
