[2026-08-09T07:27:53.865+0000] {processor.py:161} INFO - Started process (PID=114) to work on /opt/airflow/dags/api/video_stats.py
[2026-08-09T07:27:53.867+0000] {processor.py:830} INFO - Processing file /opt/airflow/dags/api/video_stats.py for tasks to queue
[2026-08-09T07:27:53.870+0000] {logging_mixin.py:188} INFO - [2026-08-09T07:27:53.869+0000] {dagbag.py:545} INFO - Filling up the DagBag from /opt/airflow/dags/api/video_stats.py
[2026-08-09T07:27:53.913+0000] {processor.py:840} INFO - DAG(s) 'youtube_video_stats' retrieved from /opt/airflow/dags/api/video_stats.py
[2026-08-09T07:27:54.139+0000] {logging_mixin.py:188} INFO - [2026-08-09T07:27:54.138+0000] {override.py:1829} INFO - Created Permission View: can delete on DAG:youtube_video_stats
[2026-08-09T07:27:54.151+0000] {logging_mixin.py:188} INFO - [2026-08-09T07:27:54.151+0000] {override.py:1829} INFO - Created Permission View: can edit on DAG:youtube_video_stats
[2026-08-09T07:27:54.158+0000] {logging_mixin.py:188} INFO - [2026-08-09T07:27:54.158+0000] {override.py:1829} INFO - Created Permission View: can read on DAG:youtube_video_stats
[2026-08-09T07:27:54.159+0000] {logging_mixin.py:188} INFO - [2026-08-09T07:27:54.159+0000] {dag.py:3096} INFO - Sync 1 DAGs
[2026-08-09T07:27:54.172+0000] {logging_mixin.py:188} INFO - [2026-08-09T07:27:54.172+0000] {dag.py:3118} INFO - Creating ORM DAG for youtube_video_stats
[2026-08-09T07:27:54.173+0000] {logging_mixin.py:188} INFO - [2026-08-09T07:27:54.173+0000] {dag.py:3954} INFO - Setting next_dagrun for youtube_video_stats to None, run_after=None
[2026-08-09T07:27:54.200+0000] {processor.py:183} INFO - Processing /opt/airflow/dags/api/video_stats.py took 0.344 seconds
[2026-08-09T07:28:24.731+0000] {processor.py:161} INFO - Started process (PID=121) to work on /opt/airflow/dags/api/video_stats.py
[2026-08-09T07:28:24.733+0000] {processor.py:830} INFO - Processing file /opt/airflow/dags/api/video_stats.py for tasks to queue
[2026-08-09T07:28:24.736+0000] {logging_mixin.py:188} INFO - [2026-08-09T07:28:24.735+0000] {dagbag.py:545} INFO - Filling up the DagBag from /opt/airflow/dags/api/video_stats.py
[2026-08-09T07:28:24.771+0000] {processor.py:840} INFO - DAG(s) 'youtube_video_stats' retrieved from /opt/airflow/dags/api/video_stats.py
[2026-08-09T07:28:24.846+0000] {logging_mixin.py:188} INFO - [2026-08-09T07:28:24.845+0000] {dag.py:3096} INFO - Sync 1 DAGs
[2026-08-09T07:28:24.877+0000] {logging_mixin.py:188} INFO - [2026-08-09T07:28:24.876+0000] {dag.py:3954} INFO - Setting next_dagrun for youtube_video_stats to None, run_after=None
[2026-08-09T07:28:24.986+0000] {processor.py:183} INFO - Processing /opt/airflow/dags/api/video_stats.py took 0.265 seconds
[2026-08-09T07:28:55.479+0000] {processor.py:161} INFO - Started process (PID=128) to work on /opt/airflow/dags/api/video_stats.py
[2026-08-09T07:28:55.480+0000] {processor.py:830} INFO - Processing file /opt/airflow/dags/api/video_stats.py for tasks to queue
[2026-08-09T07:28:55.482+0000] {logging_mixin.py:188} INFO - [2026-08-09T07:28:55.482+0000] {dagbag.py:545} INFO - Filling up the DagBag from /opt/airflow/dags/api/video_stats.py
[2026-08-09T07:28:55.490+0000] {logging_mixin.py:188} INFO - [2026-08-09T07:28:55.490+0000] {dagbag.py:334} INFO - File /opt/airflow/dags/api/video_stats.py assumed to contain no DAGs. Skipping.
[2026-08-09T07:28:55.491+0000] {processor.py:842} WARNING - No viable dags retrieved from /opt/airflow/dags/api/video_stats.py
[2026-08-09T07:28:55.505+0000] {processor.py:183} INFO - Processing /opt/airflow/dags/api/video_stats.py took 0.033 seconds
[2026-08-09T07:29:26.377+0000] {processor.py:161} INFO - Started process (PID=135) to work on /opt/airflow/dags/api/video_stats.py
[2026-08-09T07:29:26.378+0000] {processor.py:830} INFO - Processing file /opt/airflow/dags/api/video_stats.py for tasks to queue
[2026-08-09T07:29:26.381+0000] {logging_mixin.py:188} INFO - [2026-08-09T07:29:26.380+0000] {dagbag.py:545} INFO - Filling up the DagBag from /opt/airflow/dags/api/video_stats.py
[2026-08-09T07:29:26.390+0000] {logging_mixin.py:188} INFO - [2026-08-09T07:29:26.390+0000] {dagbag.py:334} INFO - File /opt/airflow/dags/api/video_stats.py assumed to contain no DAGs. Skipping.
[2026-08-09T07:29:26.391+0000] {processor.py:842} WARNING - No viable dags retrieved from /opt/airflow/dags/api/video_stats.py
[2026-08-09T07:29:26.403+0000] {processor.py:183} INFO - Processing /opt/airflow/dags/api/video_stats.py took 0.031 seconds
[2026-08-09T07:29:57.104+0000] {processor.py:161} INFO - Started process (PID=142) to work on /opt/airflow/dags/api/video_stats.py
[2026-08-09T07:29:57.105+0000] {processor.py:830} INFO - Processing file /opt/airflow/dags/api/video_stats.py for tasks to queue
[2026-08-09T07:29:57.106+0000] {logging_mixin.py:188} INFO - [2026-08-09T07:29:57.106+0000] {dagbag.py:545} INFO - Filling up the DagBag from /opt/airflow/dags/api/video_stats.py
[2026-08-09T07:29:57.117+0000] {logging_mixin.py:188} INFO - [2026-08-09T07:29:57.116+0000] {dagbag.py:334} INFO - File /opt/airflow/dags/api/video_stats.py assumed to contain no DAGs. Skipping.
[2026-08-09T07:29:57.117+0000] {processor.py:842} WARNING - No viable dags retrieved from /opt/airflow/dags/api/video_stats.py
[2026-08-09T07:29:57.130+0000] {processor.py:183} INFO - Processing /opt/airflow/dags/api/video_stats.py took 0.033 seconds
[2026-08-09T07:30:28.031+0000] {processor.py:161} INFO - Started process (PID=149) to work on /opt/airflow/dags/api/video_stats.py
[2026-08-09T07:30:28.032+0000] {processor.py:830} INFO - Processing file /opt/airflow/dags/api/video_stats.py for tasks to queue
[2026-08-09T07:30:28.034+0000] {logging_mixin.py:188} INFO - [2026-08-09T07:30:28.034+0000] {dagbag.py:545} INFO - Filling up the DagBag from /opt/airflow/dags/api/video_stats.py
[2026-08-09T07:30:28.044+0000] {logging_mixin.py:188} INFO - [2026-08-09T07:30:28.044+0000] {dagbag.py:334} INFO - File /opt/airflow/dags/api/video_stats.py assumed to contain no DAGs. Skipping.
[2026-08-09T07:30:28.044+0000] {processor.py:842} WARNING - No viable dags retrieved from /opt/airflow/dags/api/video_stats.py
[2026-08-09T07:30:28.058+0000] {processor.py:183} INFO - Processing /opt/airflow/dags/api/video_stats.py took 0.033 seconds
[2026-08-09T07:30:58.116+0000] {processor.py:161} INFO - Started process (PID=156) to work on /opt/airflow/dags/api/video_stats.py
[2026-08-09T07:30:58.117+0000] {processor.py:830} INFO - Processing file /opt/airflow/dags/api/video_stats.py for tasks to queue
[2026-08-09T07:30:58.118+0000] {logging_mixin.py:188} INFO - [2026-08-09T07:30:58.118+0000] {dagbag.py:545} INFO - Filling up the DagBag from /opt/airflow/dags/api/video_stats.py
[2026-08-09T07:30:58.129+0000] {logging_mixin.py:188} INFO - [2026-08-09T07:30:58.129+0000] {dagbag.py:334} INFO - File /opt/airflow/dags/api/video_stats.py assumed to contain no DAGs. Skipping.
[2026-08-09T07:30:58.129+0000] {processor.py:842} WARNING - No viable dags retrieved from /opt/airflow/dags/api/video_stats.py
[2026-08-09T07:30:58.143+0000] {processor.py:183} INFO - Processing /opt/airflow/dags/api/video_stats.py took 0.033 seconds
[2026-08-09T07:31:28.934+0000] {processor.py:161} INFO - Started process (PID=169) to work on /opt/airflow/dags/api/video_stats.py
[2026-08-09T07:31:28.935+0000] {processor.py:830} INFO - Processing file /opt/airflow/dags/api/video_stats.py for tasks to queue
[2026-08-09T07:31:28.936+0000] {logging_mixin.py:188} INFO - [2026-08-09T07:31:28.936+0000] {dagbag.py:545} INFO - Filling up the DagBag from /opt/airflow/dags/api/video_stats.py
[2026-08-09T07:31:28.945+0000] {logging_mixin.py:188} INFO - [2026-08-09T07:31:28.945+0000] {dagbag.py:334} INFO - File /opt/airflow/dags/api/video_stats.py assumed to contain no DAGs. Skipping.
[2026-08-09T07:31:28.945+0000] {processor.py:842} WARNING - No viable dags retrieved from /opt/airflow/dags/api/video_stats.py
[2026-08-09T07:31:28.957+0000] {processor.py:183} INFO - Processing /opt/airflow/dags/api/video_stats.py took 0.030 seconds
[2026-08-09T07:31:59.800+0000] {processor.py:161} INFO - Started process (PID=176) to work on /opt/airflow/dags/api/video_stats.py
[2026-08-09T07:31:59.801+0000] {processor.py:830} INFO - Processing file /opt/airflow/dags/api/video_stats.py for tasks to queue
[2026-08-09T07:31:59.802+0000] {logging_mixin.py:188} INFO - [2026-08-09T07:31:59.802+0000] {dagbag.py:545} INFO - Filling up the DagBag from /opt/airflow/dags/api/video_stats.py
[2026-08-09T07:31:59.811+0000] {logging_mixin.py:188} INFO - [2026-08-09T07:31:59.810+0000] {dagbag.py:334} INFO - File /opt/airflow/dags/api/video_stats.py assumed to contain no DAGs. Skipping.
[2026-08-09T07:31:59.811+0000] {processor.py:842} WARNING - No viable dags retrieved from /opt/airflow/dags/api/video_stats.py
[2026-08-09T07:31:59.825+0000] {processor.py:183} INFO - Processing /opt/airflow/dags/api/video_stats.py took 0.031 seconds
[2026-08-09T07:32:30.784+0000] {processor.py:161} INFO - Started process (PID=183) to work on /opt/airflow/dags/api/video_stats.py
[2026-08-09T07:32:30.785+0000] {processor.py:830} INFO - Processing file /opt/airflow/dags/api/video_stats.py for tasks to queue
[2026-08-09T07:32:30.786+0000] {logging_mixin.py:188} INFO - [2026-08-09T07:32:30.786+0000] {dagbag.py:545} INFO - Filling up the DagBag from /opt/airflow/dags/api/video_stats.py
[2026-08-09T07:32:30.794+0000] {logging_mixin.py:188} INFO - [2026-08-09T07:32:30.793+0000] {dagbag.py:334} INFO - File /opt/airflow/dags/api/video_stats.py assumed to contain no DAGs. Skipping.
[2026-08-09T07:32:30.794+0000] {processor.py:842} WARNING - No viable dags retrieved from /opt/airflow/dags/api/video_stats.py
[2026-08-09T07:32:30.806+0000] {processor.py:183} INFO - Processing /opt/airflow/dags/api/video_stats.py took 0.028 seconds
