[2026-08-09T07:07:52.404+0000] {manager.py:470} INFO - Processing files using up to 2 processes at a time 
[2026-08-09T07:07:52.406+0000] {manager.py:471} INFO - Process each file at most once every 30 seconds
[2026-08-09T07:07:52.408+0000] {manager.py:472} INFO - Checking for new files in /opt/airflow/dags every 300 seconds
[2026-08-09T07:07:52.410+0000] {manager.py:737} INFO - Searching for files in /opt/airflow/dags
[2026-08-09T07:07:52.441+0000] {manager.py:740} INFO - There are 0 files in /opt/airflow/dags
[2026-08-09T07:08:36.953+0000] {manager.py:452} INFO - Exiting gracefully upon receiving signal 15
[2026-08-09T07:09:31.522+0000] {manager.py:470} INFO - Processing files using up to 2 processes at a time 
[2026-08-09T07:09:31.524+0000] {manager.py:471} INFO - Process each file at most once every 30 seconds
[2026-08-09T07:09:31.525+0000] {manager.py:472} INFO - Checking for new files in /opt/airflow/dags every 300 seconds
[2026-08-09T07:09:31.527+0000] {manager.py:737} INFO - Searching for files in /opt/airflow/dags
[2026-08-09T07:09:31.550+0000] {manager.py:740} INFO - There are 0 files in /opt/airflow/dags
[2026-08-09T07:14:32.382+0000] {manager.py:737} INFO - Searching for files in /opt/airflow/dags
[2026-08-09T07:14:32.402+0000] {manager.py:740} INFO - There are 0 files in /opt/airflow/dags
[2026-08-09T07:14:52.286+0000] {manager.py:452} INFO - Exiting gracefully upon receiving signal 15
[2026-08-09T07:15:05.235+0000] {manager.py:470} INFO - Processing files using up to 2 processes at a time 
[2026-08-09T07:15:05.236+0000] {manager.py:471} INFO - Process each file at most once every 30 seconds
[2026-08-09T07:15:05.237+0000] {manager.py:472} INFO - Checking for new files in /opt/airflow/dags every 300 seconds
[2026-08-09T07:15:05.238+0000] {manager.py:737} INFO - Searching for files in /opt/airflow/dags
[2026-08-09T07:15:05.253+0000] {manager.py:740} INFO - There are 0 files in /opt/airflow/dags
[2026-08-09T07:20:05.324+0000] {manager.py:737} INFO - Searching for files in /opt/airflow/dags
[2026-08-09T07:20:05.339+0000] {manager.py:740} INFO - There are 0 files in /opt/airflow/dags
[2026-08-09T07:22:10.501+0000] {manager.py:452} INFO - Exiting gracefully upon receiving signal 15
[2026-08-09T07:22:52.989+0000] {manager.py:470} INFO - Processing files using up to 2 processes at a time 
[2026-08-09T07:22:52.990+0000] {manager.py:471} INFO - Process each file at most once every 30 seconds
[2026-08-09T07:22:52.991+0000] {manager.py:472} INFO - Checking for new files in /opt/airflow/dags every 300 seconds
[2026-08-09T07:22:52.991+0000] {manager.py:737} INFO - Searching for files in /opt/airflow/dags
[2026-08-09T07:22:53.006+0000] {manager.py:740} INFO - There are 0 files in /opt/airflow/dags
[2026-08-09T07:27:53.720+0000] {manager.py:737} INFO - Searching for files in /opt/airflow/dags
[2026-08-09T07:27:53.743+0000] {manager.py:740} INFO - There are 1 files in /opt/airflow/dags
[2026-08-09T07:28:07.472+0000] {manager.py:878} INFO - 
================================================================================
DAG File Processing Stats

File Path                             PID    Runtime      # DAGs    # Errors  Last Runtime    Last Run
------------------------------------  -----  ---------  --------  ----------  --------------  -------------------
/opt/airflow/dags/api/video_stats.py                           1           0  0.38s           2026-08-09T07:27:54
================================================================================
[2026-08-09T07:28:36.206+0000] {manager.py:878} INFO - 
================================================================================
DAG File Processing Stats

File Path                             PID    Runtime      # DAGs    # Errors  Last Runtime    Last Run
------------------------------------  -----  ---------  --------  ----------  --------------  -------------------
/opt/airflow/dags/api/video_stats.py                           1           0  0.30s           2026-08-09T07:28:25
================================================================================
[2026-08-09T07:29:05.052+0000] {manager.py:878} INFO - 
================================================================================
DAG File Processing Stats

File Path                             PID    Runtime      # DAGs    # Errors  Last Runtime    Last Run
------------------------------------  -----  ---------  --------  ----------  --------------  -------------------
/opt/airflow/dags/api/video_stats.py                           0           0  0.06s           2026-08-09T07:28:55
================================================================================
[2026-08-09T07:29:33.866+0000] {manager.py:878} INFO - 
================================================================================
DAG File Processing Stats

File Path                             PID    Runtime      # DAGs    # Errors  Last Runtime    Last Run
------------------------------------  -----  ---------  --------  ----------  --------------  -------------------
/opt/airflow/dags/api/video_stats.py                           0           0  0.06s           2026-08-09T07:29:26
================================================================================
[2026-08-09T07:30:03.529+0000] {manager.py:878} INFO - 
================================================================================
DAG File Processing Stats

File Path                             PID    Runtime      # DAGs    # Errors  Last Runtime    Last Run
------------------------------------  -----  ---------  --------  ----------  --------------  -------------------
/opt/airflow/dags/api/video_stats.py                           0           0  0.06s           2026-08-09T07:29:57
================================================================================
[2026-08-09T07:30:31.376+0000] {manager.py:878} INFO - 
================================================================================
DAG File Processing Stats

File Path                             PID    Runtime      # DAGs    # Errors  Last Runtime    Last Run
------------------------------------  -----  ---------  --------  ----------  --------------  -------------------
/opt/airflow/dags/api/video_stats.py                           0           0  0.06s           2026-08-09T07:30:28
================================================================================
[2026-08-09T07:31:00.126+0000] {manager.py:878} INFO - 
================================================================================
DAG File Processing Stats

File Path                             PID    Runtime      # DAGs    # Errors  Last Runtime    Last Run
------------------------------------  -----  ---------  --------  ----------  --------------  -------------------
/opt/airflow/dags/api/video_stats.py                           0           0  0.05s           2026-08-09T07:30:58
================================================================================
[2026-08-09T07:31:28.916+0000] {manager.py:878} INFO - 
================================================================================
DAG File Processing Stats

File Path                               PID  Runtime      # DAGs    # Errors  Last Runtime    Last Run
------------------------------------  -----  ---------  --------  ----------  --------------  -------------------
/opt/airflow/dags/api/video_stats.py    169  0.00s             0           0  0.05s           2026-08-09T07:30:58
================================================================================
[2026-08-09T07:31:58.742+0000] {manager.py:878} INFO - 
================================================================================
DAG File Processing Stats

File Path                             PID    Runtime      # DAGs    # Errors  Last Runtime    Last Run
------------------------------------  -----  ---------  --------  ----------  --------------  -------------------
/opt/airflow/dags/api/video_stats.py                           0           0  0.05s           2026-08-09T07:31:28
================================================================================
[2026-08-09T07:32:26.720+0000] {manager.py:878} INFO - 
================================================================================
DAG File Processing Stats

File Path                             PID    Runtime      # DAGs    # Errors  Last Runtime    Last Run
------------------------------------  -----  ---------  --------  ----------  --------------  -------------------
/opt/airflow/dags/api/video_stats.py                           0           0  0.05s           2026-08-09T07:31:59
================================================================================
[2026-08-09T07:32:54.416+0000] {manager.py:737} INFO - Searching for files in /opt/airflow/dags
[2026-08-09T07:32:54.441+0000] {manager.py:740} INFO - There are 0 files in /opt/airflow/dags
[2026-08-09T07:37:55.219+0000] {manager.py:737} INFO - Searching for files in /opt/airflow/dags
[2026-08-09T07:37:55.243+0000] {manager.py:740} INFO - There are 0 files in /opt/airflow/dags
[2026-08-09T07:42:55.390+0000] {manager.py:737} INFO - Searching for files in /opt/airflow/dags
[2026-08-09T07:42:55.459+0000] {manager.py:740} INFO - There are 0 files in /opt/airflow/dags
[2026-08-09T07:47:56.054+0000] {manager.py:737} INFO - Searching for files in /opt/airflow/dags
[2026-08-09T07:47:56.119+0000] {manager.py:740} INFO - There are 0 files in /opt/airflow/dags
[2026-08-09T07:51:20.976+0000] {manager.py:452} INFO - Exiting gracefully upon receiving signal 15
[2026-08-09T07:52:18.859+0000] {manager.py:470} INFO - Processing files using up to 2 processes at a time 
[2026-08-09T07:52:18.861+0000] {manager.py:471} INFO - Process each file at most once every 30 seconds
[2026-08-09T07:52:18.864+0000] {manager.py:472} INFO - Checking for new files in /opt/airflow/dags every 300 seconds
[2026-08-09T07:52:18.866+0000] {manager.py:737} INFO - Searching for files in /opt/airflow/dags
[2026-08-09T07:52:18.928+0000] {manager.py:740} INFO - There are 0 files in /opt/airflow/dags
[2026-08-09T07:52:19.917+0000] {manager.py:452} INFO - Exiting gracefully upon receiving signal 15
[2026-08-09T07:52:35.979+0000] {manager.py:470} INFO - Processing files using up to 2 processes at a time 
[2026-08-09T07:52:35.980+0000] {manager.py:471} INFO - Process each file at most once every 30 seconds
[2026-08-09T07:52:35.981+0000] {manager.py:472} INFO - Checking for new files in /opt/airflow/dags every 300 seconds
[2026-08-09T07:52:35.982+0000] {manager.py:737} INFO - Searching for files in /opt/airflow/dags
[2026-08-09T07:52:36.009+0000] {manager.py:740} INFO - There are 0 files in /opt/airflow/dags
[2026-08-09T07:57:35.985+0000] {manager.py:737} INFO - Searching for files in /opt/airflow/dags
[2026-08-09T07:57:36.014+0000] {manager.py:740} INFO - There are 1 files in /opt/airflow/dags
[2026-08-09T07:57:51.194+0000] {manager.py:878} INFO - 
================================================================================
DAG File Processing Stats

File Path                  PID    Runtime      # DAGs    # Errors  Last Runtime    Last Run
-------------------------  -----  ---------  --------  ----------  --------------  -------------------
/opt/airflow/dags/main.py                           0           1  0.12s           2026-08-09T07:57:36
================================================================================
[2026-08-09T07:58:19.115+0000] {manager.py:878} INFO - 
================================================================================
DAG File Processing Stats

File Path                  PID    Runtime      # DAGs    # Errors  Last Runtime    Last Run
-------------------------  -----  ---------  --------  ----------  --------------  -------------------
/opt/airflow/dags/main.py                           0           1  0.08s           2026-08-09T07:58:06
================================================================================
[2026-08-09T07:58:48.619+0000] {manager.py:878} INFO - 
================================================================================
DAG File Processing Stats

File Path                  PID    Runtime      # DAGs    # Errors  Last Runtime    Last Run
-------------------------  -----  ---------  --------  ----------  --------------  -------------------
/opt/airflow/dags/main.py                           0           1  0.09s           2026-08-09T07:58:37
================================================================================
[2026-08-09T07:59:17.310+0000] {manager.py:878} INFO - 
================================================================================
DAG File Processing Stats

File Path                  PID    Runtime      # DAGs    # Errors  Last Runtime    Last Run
-------------------------  -----  ---------  --------  ----------  --------------  -------------------
/opt/airflow/dags/main.py                           0           1  0.09s           2026-08-09T07:59:08
================================================================================
[2026-08-09T07:59:46.032+0000] {manager.py:878} INFO - 
================================================================================
DAG File Processing Stats

File Path                  PID    Runtime      # DAGs    # Errors  Last Runtime    Last Run
-------------------------  -----  ---------  --------  ----------  --------------  -------------------
/opt/airflow/dags/main.py                           0           1  0.09s           2026-08-09T07:59:39
================================================================================
[2026-08-09T08:00:14.756+0000] {manager.py:878} INFO - 
================================================================================
DAG File Processing Stats

File Path                  PID    Runtime      # DAGs    # Errors  Last Runtime    Last Run
-------------------------  -----  ---------  --------  ----------  --------------  -------------------
/opt/airflow/dags/main.py                           0           1  0.10s           2026-08-09T08:00:09
================================================================================
[2026-08-09T08:00:43.533+0000] {manager.py:878} INFO - 
================================================================================
DAG File Processing Stats

File Path                  PID    Runtime      # DAGs    # Errors  Last Runtime    Last Run
-------------------------  -----  ---------  --------  ----------  --------------  -------------------
/opt/airflow/dags/main.py                           0           1  0.08s           2026-08-09T08:00:40
================================================================================
[2026-08-09T08:01:12.189+0000] {manager.py:878} INFO - 
================================================================================
DAG File Processing Stats

File Path                  PID    Runtime      # DAGs    # Errors  Last Runtime    Last Run
-------------------------  -----  ---------  --------  ----------  --------------  -------------------
/opt/airflow/dags/main.py                           0           1  0.09s           2026-08-09T08:01:11
================================================================================
[2026-08-09T08:01:40.953+0000] {manager.py:878} INFO - 
================================================================================
DAG File Processing Stats

File Path                  PID    Runtime      # DAGs    # Errors  Last Runtime    Last Run
-------------------------  -----  ---------  --------  ----------  --------------  -------------------
/opt/airflow/dags/main.py                           0           1  0.09s           2026-08-09T08:01:11
================================================================================
[2026-08-09T08:02:09.273+0000] {manager.py:878} INFO - 
================================================================================
DAG File Processing Stats

File Path                  PID    Runtime      # DAGs    # Errors  Last Runtime    Last Run
-------------------------  -----  ---------  --------  ----------  --------------  -------------------
/opt/airflow/dags/main.py                           0           1  0.08s           2026-08-09T08:01:42
================================================================================
[2026-08-09T08:02:36.523+0000] {manager.py:737} INFO - Searching for files in /opt/airflow/dags
[2026-08-09T08:02:36.555+0000] {manager.py:740} INFO - There are 1 files in /opt/airflow/dags
[2026-08-09T08:02:37.578+0000] {manager.py:878} INFO - 
================================================================================
DAG File Processing Stats

File Path                  PID    Runtime      # DAGs    # Errors  Last Runtime    Last Run
-------------------------  -----  ---------  --------  ----------  --------------  -------------------
/opt/airflow/dags/main.py                           0           1  0.08s           2026-08-09T08:02:12
================================================================================
[2026-08-09T08:03:07.113+0000] {manager.py:878} INFO - 
================================================================================
DAG File Processing Stats

File Path                  PID    Runtime      # DAGs    # Errors  Last Runtime    Last Run
-------------------------  -----  ---------  --------  ----------  --------------  -------------------
/opt/airflow/dags/main.py                           0           1  0.09s           2026-08-09T08:02:42
================================================================================
[2026-08-09T08:03:35.868+0000] {manager.py:878} INFO - 
================================================================================
DAG File Processing Stats

File Path                  PID    Runtime      # DAGs    # Errors  Last Runtime    Last Run
-------------------------  -----  ---------  --------  ----------  --------------  -------------------
/opt/airflow/dags/main.py                           0           1  0.09s           2026-08-09T08:03:13
================================================================================
[2026-08-09T08:04:04.664+0000] {manager.py:878} INFO - 
================================================================================
DAG File Processing Stats

File Path                  PID    Runtime      # DAGs    # Errors  Last Runtime    Last Run
-------------------------  -----  ---------  --------  ----------  --------------  -------------------
/opt/airflow/dags/main.py                           0           1  0.09s           2026-08-09T08:03:44
================================================================================
[2026-08-09T08:04:33.344+0000] {manager.py:878} INFO - 
================================================================================
DAG File Processing Stats

File Path                  PID    Runtime      # DAGs    # Errors  Last Runtime    Last Run
-------------------------  -----  ---------  --------  ----------  --------------  -------------------
/opt/airflow/dags/main.py                           0           1  0.09s           2026-08-09T08:04:15
================================================================================
[2026-08-09T08:05:02.037+0000] {manager.py:878} INFO - 
================================================================================
DAG File Processing Stats

File Path                  PID    Runtime      # DAGs    # Errors  Last Runtime    Last Run
-------------------------  -----  ---------  --------  ----------  --------------  -------------------
/opt/airflow/dags/main.py                           0           1  0.08s           2026-08-09T08:04:45
================================================================================
[2026-08-09T08:05:30.726+0000] {manager.py:878} INFO - 
================================================================================
DAG File Processing Stats

File Path                  PID    Runtime      # DAGs    # Errors  Last Runtime    Last Run
-------------------------  -----  ---------  --------  ----------  --------------  -------------------
/opt/airflow/dags/main.py                           0           1  0.08s           2026-08-09T08:05:16
================================================================================
[2026-08-09T08:05:59.479+0000] {manager.py:878} INFO - 
================================================================================
DAG File Processing Stats

File Path                  PID    Runtime      # DAGs    # Errors  Last Runtime    Last Run
-------------------------  -----  ---------  --------  ----------  --------------  -------------------
/opt/airflow/dags/main.py                           0           1  0.08s           2026-08-09T08:05:47
================================================================================
[2026-08-09T08:06:28.271+0000] {manager.py:878} INFO - 
================================================================================
DAG File Processing Stats

File Path                  PID    Runtime      # DAGs    # Errors  Last Runtime    Last Run
-------------------------  -----  ---------  --------  ----------  --------------  -------------------
/opt/airflow/dags/main.py                           0           1  0.09s           2026-08-09T08:06:18
================================================================================
[2026-08-09T08:06:55.451+0000] {manager.py:878} INFO - 
================================================================================
DAG File Processing Stats

File Path                  PID    Runtime      # DAGs    # Errors  Last Runtime    Last Run
-------------------------  -----  ---------  --------  ----------  --------------  -------------------
/opt/airflow/dags/main.py                           0           1  0.09s           2026-08-09T08:06:49
================================================================================
[2026-08-09T08:07:24.251+0000] {manager.py:878} INFO - 
================================================================================
DAG File Processing Stats

File Path                  PID    Runtime      # DAGs    # Errors  Last Runtime    Last Run
-------------------------  -----  ---------  --------  ----------  --------------  -------------------
/opt/airflow/dags/main.py                           0           1  0.09s           2026-08-09T08:07:19
================================================================================
[2026-08-09T08:07:37.383+0000] {manager.py:737} INFO - Searching for files in /opt/airflow/dags
[2026-08-09T08:07:37.427+0000] {manager.py:740} INFO - There are 1 files in /opt/airflow/dags
[2026-08-09T08:07:53.031+0000] {manager.py:878} INFO - 
================================================================================
DAG File Processing Stats

File Path                  PID    Runtime      # DAGs    # Errors  Last Runtime    Last Run
-------------------------  -----  ---------  --------  ----------  --------------  -------------------
/opt/airflow/dags/main.py                           0           1  0.08s           2026-08-09T08:07:50
================================================================================
[2026-08-09T08:08:21.731+0000] {manager.py:878} INFO - 
================================================================================
DAG File Processing Stats

File Path                  PID    Runtime      # DAGs    # Errors  Last Runtime    Last Run
-------------------------  -----  ---------  --------  ----------  --------------  -------------------
/opt/airflow/dags/main.py                           0           1  0.08s           2026-08-09T08:08:21
================================================================================
[2026-08-09T08:08:50.395+0000] {manager.py:878} INFO - 
================================================================================
DAG File Processing Stats

File Path                  PID    Runtime      # DAGs    # Errors  Last Runtime    Last Run
-------------------------  -----  ---------  --------  ----------  --------------  -------------------
/opt/airflow/dags/main.py                           0           1  0.08s           2026-08-09T08:08:21
================================================================================
[2026-08-09T08:09:19.038+0000] {manager.py:878} INFO - 
================================================================================
DAG File Processing Stats

File Path                  PID    Runtime      # DAGs    # Errors  Last Runtime    Last Run
-------------------------  -----  ---------  --------  ----------  --------------  -------------------
/opt/airflow/dags/main.py                           0           1  0.09s           2026-08-09T08:08:52
================================================================================
[2026-08-09T08:09:47.801+0000] {manager.py:878} INFO - 
================================================================================
DAG File Processing Stats

File Path                  PID    Runtime      # DAGs    # Errors  Last Runtime    Last Run
-------------------------  -----  ---------  --------  ----------  --------------  -------------------
/opt/airflow/dags/main.py                           0           1  0.07s           2026-08-09T08:09:23
================================================================================
[2026-08-09T08:10:16.542+0000] {manager.py:878} INFO - 
================================================================================
DAG File Processing Stats

File Path                  PID    Runtime      # DAGs    # Errors  Last Runtime    Last Run
-------------------------  -----  ---------  --------  ----------  --------------  -------------------
/opt/airflow/dags/main.py                           0           1  0.09s           2026-08-09T08:09:53
================================================================================
[2026-08-09T08:10:45.288+0000] {manager.py:878} INFO - 
================================================================================
DAG File Processing Stats

File Path                  PID    Runtime      # DAGs    # Errors  Last Runtime    Last Run
-------------------------  -----  ---------  --------  ----------  --------------  -------------------
/opt/airflow/dags/main.py                           0           1  0.11s           2026-08-09T08:10:24
================================================================================
[2026-08-09T08:11:14.199+0000] {manager.py:878} INFO - 
================================================================================
DAG File Processing Stats

File Path                  PID    Runtime      # DAGs    # Errors  Last Runtime    Last Run
-------------------------  -----  ---------  --------  ----------  --------------  -------------------
/opt/airflow/dags/main.py                           0           1  0.11s           2026-08-09T08:10:55
================================================================================
[2026-08-09T08:11:43.018+0000] {manager.py:878} INFO - 
================================================================================
DAG File Processing Stats

File Path                  PID    Runtime      # DAGs    # Errors  Last Runtime    Last Run
-------------------------  -----  ---------  --------  ----------  --------------  -------------------
/opt/airflow/dags/main.py                           0           1  0.08s           2026-08-09T08:11:26
================================================================================
[2026-08-09T08:12:11.710+0000] {manager.py:878} INFO - 
================================================================================
DAG File Processing Stats

File Path                  PID    Runtime      # DAGs    # Errors  Last Runtime    Last Run
-------------------------  -----  ---------  --------  ----------  --------------  -------------------
/opt/airflow/dags/main.py                           0           1  0.08s           2026-08-09T08:11:57
================================================================================
[2026-08-09T08:12:37.411+0000] {manager.py:737} INFO - Searching for files in /opt/airflow/dags
[2026-08-09T08:12:37.453+0000] {manager.py:740} INFO - There are 1 files in /opt/airflow/dags
[2026-08-09T08:12:40.498+0000] {manager.py:878} INFO - 
================================================================================
DAG File Processing Stats

File Path                  PID    Runtime      # DAGs    # Errors  Last Runtime    Last Run
-------------------------  -----  ---------  --------  ----------  --------------  -------------------
/opt/airflow/dags/main.py                           0           1  0.11s           2026-08-09T08:12:28
================================================================================
[2026-08-09T08:13:09.201+0000] {manager.py:878} INFO - 
================================================================================
DAG File Processing Stats

File Path                  PID    Runtime      # DAGs    # Errors  Last Runtime    Last Run
-------------------------  -----  ---------  --------  ----------  --------------  -------------------
/opt/airflow/dags/main.py                           0           1  0.08s           2026-08-09T08:12:58
================================================================================
[2026-08-09T08:13:37.919+0000] {manager.py:878} INFO - 
================================================================================
DAG File Processing Stats

File Path                  PID    Runtime      # DAGs    # Errors  Last Runtime    Last Run
-------------------------  -----  ---------  --------  ----------  --------------  -------------------
/opt/airflow/dags/main.py                           0           1  0.08s           2026-08-09T08:13:29
================================================================================
[2026-08-09T08:14:06.633+0000] {manager.py:878} INFO - 
================================================================================
DAG File Processing Stats

File Path                  PID    Runtime      # DAGs    # Errors  Last Runtime    Last Run
-------------------------  -----  ---------  --------  ----------  --------------  -------------------
/opt/airflow/dags/main.py                           0           1  0.08s           2026-08-09T08:14:00
================================================================================
[2026-08-09T08:14:35.430+0000] {manager.py:878} INFO - 
================================================================================
DAG File Processing Stats

File Path                  PID    Runtime      # DAGs    # Errors  Last Runtime    Last Run
-------------------------  -----  ---------  --------  ----------  --------------  -------------------
/opt/airflow/dags/main.py                           0           1  0.08s           2026-08-09T08:14:30
================================================================================
[2026-08-09T08:15:04.123+0000] {manager.py:878} INFO - 
================================================================================
DAG File Processing Stats

File Path                  PID    Runtime      # DAGs    # Errors  Last Runtime    Last Run
-------------------------  -----  ---------  --------  ----------  --------------  -------------------
/opt/airflow/dags/main.py                           0           1  0.08s           2026-08-09T08:15:01
================================================================================
[2026-08-09T08:15:32.811+0000] {manager.py:878} INFO - 
================================================================================
DAG File Processing Stats

File Path                  PID    Runtime      # DAGs    # Errors  Last Runtime    Last Run
-------------------------  -----  ---------  --------  ----------  --------------  -------------------
/opt/airflow/dags/main.py                           0           1  0.09s           2026-08-09T08:15:31
================================================================================
[2026-08-09T08:16:01.515+0000] {manager.py:878} INFO - 
================================================================================
DAG File Processing Stats

File Path                  PID    Runtime      # DAGs    # Errors  Last Runtime    Last Run
-------------------------  -----  ---------  --------  ----------  --------------  -------------------
/opt/airflow/dags/main.py                           0           1  0.09s           2026-08-09T08:15:31
================================================================================
[2026-08-09T08:16:30.216+0000] {manager.py:878} INFO - 
================================================================================
DAG File Processing Stats

File Path                  PID    Runtime      # DAGs    # Errors  Last Runtime    Last Run
-------------------------  -----  ---------  --------  ----------  --------------  -------------------
/opt/airflow/dags/main.py                           0           1  0.10s           2026-08-09T08:16:02
================================================================================
[2026-08-09T08:16:58.968+0000] {manager.py:878} INFO - 
================================================================================
DAG File Processing Stats

File Path                  PID    Runtime      # DAGs    # Errors  Last Runtime    Last Run
-------------------------  -----  ---------  --------  ----------  --------------  -------------------
/opt/airflow/dags/main.py                           0           1  0.09s           2026-08-09T08:16:33
================================================================================
[2026-08-09T08:17:27.751+0000] {manager.py:878} INFO - 
================================================================================
DAG File Processing Stats

File Path                  PID    Runtime      # DAGs    # Errors  Last Runtime    Last Run
-------------------------  -----  ---------  --------  ----------  --------------  -------------------
/opt/airflow/dags/main.py                           0           1  0.12s           2026-08-09T08:17:04
================================================================================
[2026-08-09T08:17:37.917+0000] {manager.py:737} INFO - Searching for files in /opt/airflow/dags
[2026-08-09T08:17:37.980+0000] {manager.py:740} INFO - There are 1 files in /opt/airflow/dags
[2026-08-09T08:17:56.586+0000] {manager.py:878} INFO - 
================================================================================
DAG File Processing Stats

File Path                  PID    Runtime      # DAGs    # Errors  Last Runtime    Last Run
-------------------------  -----  ---------  --------  ----------  --------------  -------------------
/opt/airflow/dags/main.py                           0           1  0.09s           2026-08-09T08:17:34
================================================================================
[2026-08-09T08:18:25.278+0000] {manager.py:878} INFO - 
================================================================================
DAG File Processing Stats

File Path                  PID    Runtime      # DAGs    # Errors  Last Runtime    Last Run
-------------------------  -----  ---------  --------  ----------  --------------  -------------------
/opt/airflow/dags/main.py                           0           1  0.09s           2026-08-09T08:18:05
================================================================================
[2026-08-09T08:18:54.003+0000] {manager.py:878} INFO - 
================================================================================
DAG File Processing Stats

File Path                  PID    Runtime      # DAGs    # Errors  Last Runtime    Last Run
-------------------------  -----  ---------  --------  ----------  --------------  -------------------
/opt/airflow/dags/main.py                           0           1  0.08s           2026-08-09T08:18:36
================================================================================
[2026-08-09T08:19:22.739+0000] {manager.py:878} INFO - 
================================================================================
DAG File Processing Stats

File Path                  PID    Runtime      # DAGs    # Errors  Last Runtime    Last Run
-------------------------  -----  ---------  --------  ----------  --------------  -------------------
/opt/airflow/dags/main.py                           0           1  0.10s           2026-08-09T08:19:07
================================================================================
[2026-08-09T08:19:51.418+0000] {manager.py:878} INFO - 
================================================================================
DAG File Processing Stats

File Path                  PID    Runtime      # DAGs    # Errors  Last Runtime    Last Run
-------------------------  -----  ---------  --------  ----------  --------------  -------------------
/opt/airflow/dags/main.py                           0           1  0.08s           2026-08-09T08:19:37
================================================================================
[2026-08-09T08:20:20.155+0000] {manager.py:878} INFO - 
================================================================================
DAG File Processing Stats

File Path                  PID    Runtime      # DAGs    # Errors  Last Runtime    Last Run
-------------------------  -----  ---------  --------  ----------  --------------  -------------------
/opt/airflow/dags/main.py                           0           1  0.08s           2026-08-09T08:20:08
================================================================================
[2026-08-09T08:20:48.961+0000] {manager.py:878} INFO - 
================================================================================
DAG File Processing Stats

File Path                  PID    Runtime      # DAGs    # Errors  Last Runtime    Last Run
-------------------------  -----  ---------  --------  ----------  --------------  -------------------
/opt/airflow/dags/main.py                           0           1  0.13s           2026-08-09T08:20:38
================================================================================
[2026-08-09T08:21:17.784+0000] {manager.py:878} INFO - 
================================================================================
DAG File Processing Stats

File Path                  PID    Runtime      # DAGs    # Errors  Last Runtime    Last Run
-------------------------  -----  ---------  --------  ----------  --------------  -------------------
/opt/airflow/dags/main.py                           0           1  0.08s           2026-08-09T08:21:09
================================================================================
[2026-08-09T08:21:46.488+0000] {manager.py:878} INFO - 
================================================================================
DAG File Processing Stats

File Path                  PID    Runtime      # DAGs    # Errors  Last Runtime    Last Run
-------------------------  -----  ---------  --------  ----------  --------------  -------------------
/opt/airflow/dags/main.py                           0           1  0.08s           2026-08-09T08:21:40
================================================================================
[2026-08-09T08:22:15.209+0000] {manager.py:878} INFO - 
================================================================================
DAG File Processing Stats

File Path                  PID    Runtime      # DAGs    # Errors  Last Runtime    Last Run
-------------------------  -----  ---------  --------  ----------  --------------  -------------------
/opt/airflow/dags/main.py                           0           1  0.11s           2026-08-09T08:22:11
================================================================================
[2026-08-09T08:22:38.872+0000] {manager.py:737} INFO - Searching for files in /opt/airflow/dags
[2026-08-09T08:22:38.911+0000] {manager.py:740} INFO - There are 1 files in /opt/airflow/dags
[2026-08-09T08:22:44.012+0000] {manager.py:878} INFO - 
================================================================================
DAG File Processing Stats

File Path                  PID    Runtime      # DAGs    # Errors  Last Runtime    Last Run
-------------------------  -----  ---------  --------  ----------  --------------  -------------------
/opt/airflow/dags/main.py                           0           1  0.08s           2026-08-09T08:22:42
================================================================================
[2026-08-09T08:23:12.920+0000] {manager.py:878} INFO - 
================================================================================
DAG File Processing Stats

File Path                    PID  Runtime      # DAGs    # Errors  Last Runtime    Last Run
-------------------------  -----  ---------  --------  ----------  --------------  -------------------
/opt/airflow/dags/main.py    487  0.00s             0           1  0.08s           2026-08-09T08:22:42
================================================================================
[2026-08-09T08:23:41.625+0000] {manager.py:878} INFO - 
================================================================================
DAG File Processing Stats

File Path                  PID    Runtime      # DAGs    # Errors  Last Runtime    Last Run
-------------------------  -----  ---------  --------  ----------  --------------  -------------------
/opt/airflow/dags/main.py                           0           1  0.08s           2026-08-09T08:23:12
================================================================================
[2026-08-09T08:24:10.315+0000] {manager.py:878} INFO - 
================================================================================
DAG File Processing Stats

File Path                  PID    Runtime      # DAGs    # Errors  Last Runtime    Last Run
-------------------------  -----  ---------  --------  ----------  --------------  -------------------
/opt/airflow/dags/main.py                           0           1  0.09s           2026-08-09T08:23:43
================================================================================
[2026-08-09T08:24:39.056+0000] {manager.py:878} INFO - 
================================================================================
DAG File Processing Stats

File Path                  PID    Runtime      # DAGs    # Errors  Last Runtime    Last Run
-------------------------  -----  ---------  --------  ----------  --------------  -------------------
/opt/airflow/dags/main.py                           0           1  0.08s           2026-08-09T08:24:14
================================================================================
[2026-08-09T08:25:07.734+0000] {manager.py:878} INFO - 
================================================================================
DAG File Processing Stats

File Path                  PID    Runtime      # DAGs    # Errors  Last Runtime    Last Run
-------------------------  -----  ---------  --------  ----------  --------------  -------------------
/opt/airflow/dags/main.py                           0           1  0.10s           2026-08-09T08:24:45
================================================================================
[2026-08-09T08:25:43.945+0000] {manager.py:452} INFO - Exiting gracefully upon receiving signal 15
